Archive member included to satisfy reference by file (symbol)

app/libapp.a(main.c.obj)      (--whole-archive)
app/libapp.a(my_lbs.c.obj)    (--whole-archive)
app/libapp.a(adc.c.obj)       (--whole-archive)
zephyr/libzephyr.a(heap.c.obj)
                              (--whole-archive)
zephyr/libzephyr.a(cbprintf_packaged.c.obj)
                              (--whole-archive)
zephyr/libzephyr.a(printk.c.obj)
                              (--whole-archive)
zephyr/libzephyr.a(sem.c.obj)
                              (--whole-archive)
zephyr/libzephyr.a(thread_entry.c.obj)
                              (--whole-archive)
zephyr/libzephyr.a(cbprintf_complete.c.obj)
                              (--whole-archive)
zephyr/libzephyr.a(assert.c.obj)
                              (--whole-archive)
zephyr/libzephyr.a(mpsc_pbuf.c.obj)
                              (--whole-archive)
zephyr/libzephyr.a(dec.c.obj)
                              (--whole-archive)
zephyr/libzephyr.a(hex.c.obj)
                              (--whole-archive)
zephyr/libzephyr.a(rb.c.obj)  (--whole-archive)
zephyr/libzephyr.a(timeutil.c.obj)
                              (--whole-archive)
zephyr/libzephyr.a(bitarray.c.obj)
                              (--whole-archive)
zephyr/libzephyr.a(onoff.c.obj)
                              (--whole-archive)
zephyr/libzephyr.a(notify.c.obj)
                              (--whole-archive)
zephyr/libzephyr.a(ring_buffer.c.obj)
                              (--whole-archive)
zephyr/libzephyr.a(last_section_id.c.obj)
                              (--whole-archive)
zephyr/libzephyr.a(configs.c.obj)
                              (--whole-archive)
zephyr/libzephyr.a(ipc_service.c.obj)
                              (--whole-archive)
zephyr/libzephyr.a(ipc_rpmsg_static_vrings.c.obj)
                              (--whole-archive)
zephyr/libzephyr.a(ipc_rpmsg.c.obj)
                              (--whole-archive)
zephyr/libzephyr.a(ipc_static_vrings.c.obj)
                              (--whole-archive)
zephyr/libzephyr.a(log_core.c.obj)
                              (--whole-archive)
zephyr/libzephyr.a(log_mgmt.c.obj)
                              (--whole-archive)
zephyr/libzephyr.a(log_cache.c.obj)
                              (--whole-archive)
zephyr/libzephyr.a(log_msg.c.obj)
                              (--whole-archive)
zephyr/libzephyr.a(log_output.c.obj)
                              (--whole-archive)
zephyr/libzephyr.a(log_backend_uart.c.obj)
                              (--whole-archive)
zephyr/libzephyr.a(mem_attr.c.obj)
                              (--whole-archive)
zephyr/libzephyr.a(tracing_none.c.obj)
                              (--whole-archive)
zephyr/libzephyr.a(banner.c.obj)
                              (--whole-archive)
zephyr/libzephyr.a(hci_vs_sdc.c.obj)
                              (--whole-archive)
zephyr/libzephyr.a(host_extensions.c.obj)
                              (--whole-archive)
zephyr/libzephyr.a(flash_map_partition_manager.c.obj)
                              (--whole-archive)
zephyr/arch/common/libarch__common.a(sw_isr_common.c.obj)
                              (--whole-archive)
zephyr/arch/arch/arm/core/libarch__arm__core.a(fatal.c.obj)
                              (--whole-archive)
zephyr/arch/arch/arm/core/libarch__arm__core.a(nmi.c.obj)
                              (--whole-archive)
zephyr/arch/arch/arm/core/libarch__arm__core.a(nmi_on_reset.S.obj)
                              (--whole-archive)
zephyr/arch/arch/arm/core/libarch__arm__core.a(tls.c.obj)
                              (--whole-archive)
zephyr/arch/arch/arm/core/cortex_m/libarch__arm__core__cortex_m.a(exc_exit.c.obj)
                              (--whole-archive)
zephyr/arch/arch/arm/core/cortex_m/libarch__arm__core__cortex_m.a(fault.c.obj)
                              (--whole-archive)
zephyr/arch/arch/arm/core/cortex_m/libarch__arm__core__cortex_m.a(fault_s.S.obj)
                              (--whole-archive)
zephyr/arch/arch/arm/core/cortex_m/libarch__arm__core__cortex_m.a(fpu.c.obj)
                              (--whole-archive)
zephyr/arch/arch/arm/core/cortex_m/libarch__arm__core__cortex_m.a(reset.S.obj)
                              (--whole-archive)
zephyr/arch/arch/arm/core/cortex_m/libarch__arm__core__cortex_m.a(scb.c.obj)
                              (--whole-archive)
zephyr/arch/arch/arm/core/cortex_m/libarch__arm__core__cortex_m.a(thread_abort.c.obj)
                              (--whole-archive)
zephyr/arch/arch/arm/core/cortex_m/libarch__arm__core__cortex_m.a(vector_table.S.obj)
                              (--whole-archive)
zephyr/arch/arch/arm/core/cortex_m/libarch__arm__core__cortex_m.a(swap_helper.S.obj)
                              (--whole-archive)
zephyr/arch/arch/arm/core/cortex_m/libarch__arm__core__cortex_m.a(irq_manage.c.obj)
                              (--whole-archive)
zephyr/arch/arch/arm/core/cortex_m/libarch__arm__core__cortex_m.a(prep_c.c.obj)
[...]
Memory Configuration

Name             Origin             Length             Attributes
FLASH            0x0000000000008000 0x00000000000f8000 xr
RAM              0x0000000020008000 0x0000000000068000 xw
IDT_LIST         0x00000000ffff7fff 0x0000000000008000 xw
*default*        0x0000000000000000 0xffffffffffffffff

Linker script and memory map

                0x0000000000016b48                vfprintf = __l_vfprintf
                0x0000000000000000                vfscanf = __l_vfscanf
LOAD zephyr/CMakeFiles/zephyr_pre0.dir/misc/empty_file.c.obj
LOAD zephyr/CMakeFiles/offsets.dir/./arch/arm/core/offsets/offsets.c.obj
LOAD tfm/api_ns/interface/lib/s_veneers.o
LOAD app/libapp.a
LOAD zephyr/libzephyr.a
LOAD zephyr/arch/common/libarch__common.a
LOAD zephyr/arch/arch/arm/core/libarch__arm__core.a
LOAD zephyr/arch/arch/arm/core/cortex_m/libarch__arm__core__cortex_m.a
LOAD zephyr/arch/arch/arm/core/cortex_m/cmse/libarch__arm__core__cortex_m__cmse.a
LOAD zephyr/arch/arch/arm/core/mpu/libarch__arm__core__mpu.a
LOAD zephyr/lib/libc/picolibc/liblib__libc__picolibc.a
LOAD zephyr/lib/libc/common/liblib__libc__common.a
LOAD zephyr/lib/net_buf/liblib__net_buf.a
LOAD zephyr/soc/soc/nrf5340/libsoc__nordic.a
LOAD zephyr/subsys/random/libsubsys__random.a
LOAD zephyr/subsys/bluetooth/common/libsubsys__bluetooth__common.a
LOAD zephyr/subsys/bluetooth/host/libsubsys__bluetooth__host.a
LOAD zephyr/drivers/adc/libdrivers__adc.a
LOAD zephyr/drivers/bluetooth/libdrivers__bluetooth.a
LOAD zephyr/drivers/clock_control/libdrivers__clock_control.a
LOAD zephyr/drivers/console/libdrivers__console.a
LOAD zephyr/drivers/entropy/libdrivers__entropy.a
LOAD zephyr/drivers/gpio/libdrivers__gpio.a
LOAD zephyr/drivers/mbox/libdrivers__mbox.a
LOAD zephyr/drivers/pinctrl/libdrivers__pinctrl.a
LOAD zephyr/drivers/serial/libdrivers__serial.a
LOAD zephyr/drivers/timer/libdrivers__timer.a
LOAD modules/nrf/lib/dk_buttons_and_leds/lib..__nrf__lib__dk_buttons_and_leds.a
LOAD modules/nrf/subsys/nrf_security/src/zephyr/libmbedtls_zephyr.a
LOAD modules/nrf/modules/trusted-firmware-m/lib..__nrf__modules__trusted-firmware-m.a
LOAD modules/nrf/modules/trusted-firmware-m/libtfm_api_nrf.a
LOAD modules/trusted-firmware-m/libtfm_api.a
LOAD modules/hal_nordic/modules/hal_nordic/nrfx/libmodules__hal_nordic__nrfx.a
LOAD modules/libmetal/libmetal/lib/libmetal.a
LOAD modules/open-amp/open-amp/lib/libopen_amp.a
LOAD zephyr/kernel/libkernel.a
LOAD modules/nrf/subsys/nrf_security/src/libmbedcrypto.a
LOAD modules/nrf/subsys/nrf_security/src/libmbedcrypto_base.a
LOAD modules/nrf/subsys/nrf_security/src/libnrf_security_utils.a
LOAD zephyr/kernel/libkernel.a
LOAD C:/ncs/v3.1.1/nrfxlib/crypto/nrf_oberon/lib/cortex-m33/soft-float/liboberon_mbedtls_3.0.17.a
LOAD C:/ncs/v3.1.1/nrfxlib/crypto/nrf_oberon/lib/cortex-m33/soft-float/liboberon_3.0.17.a
LOAD zephyr/arch/common/libisr_tables.a
LOAD c:\ncs\toolchains\c1a76fddb2\opt\zephyr-sdk\arm-zephyr-eabi\bin\../lib/gcc/../../picolibc/arm-zephyr-eabi/lib/thumb/v8-m.main/nofp\libc.a
LOAD c:/ncs/toolchains/c1a76fddb2/opt/zephyr-sdk/arm-zephyr-eabi/bin/../lib/gcc/arm-zephyr-eabi/12.2.0/thumb/v8-m.main/nofp\libgcc.a
                0x0000000000000020                _region_min_align = 0x20

.rel.plt        0x0000000000008000        0x0
 *(SORT_BY_ALIGNMENT(.rel.plt))
                [!provide]                        PROVIDE (__rel_iplt_start = .)
 *(SORT_BY_ALIGNMENT(.rel.iplt))
 .rel.iplt      0x0000000000008000        0x0 app/libapp.a(main.c.obj)
                [!provide]                        PROVIDE (__rel_iplt_end = .)

.rela.plt       0x0000000000000000        0x0
 *(SORT_BY_ALIGNMENT(.rela.plt))
                [!provide]                        PROVIDE (__rela_iplt_start = .)
 *(SORT_BY_ALIGNMENT(.rela.iplt))
                [!provide]                        PROVIDE (__rela_iplt_end = .)

.rel.dyn
 *(SORT_BY_ALIGNMENT(.rel.*))

.rela.dyn
 *(SORT_BY_ALIGNMENT(.rela.*))

/DISCARD/
 *(SORT_BY_ALIGNMENT(.plt))

/DISCARD/
 *(SORT_BY_ALIGNMENT(.iplt))
                0x0000000000008000                __rom_region_start = 0x8000

rom_start       0x0000000000008000      0x154
                0x0000000000008000                __rom_start_address = .
 FILL mask 0x00
                0x0000000000008000                . = (. + (0x0 - (. - __rom_start_address)))
                0x0000000000008000                . = ALIGN (0x4)
                0x0000000000008000                . = ALIGN (0x80)
                0x0000000000008000                . = ALIGN (0x200)
                0x0000000000008000                _vector_start = .
 *(SORT_BY_ALIGNMENT(.exc_vector_table))
 *(SORT_BY_ALIGNMENT(.exc_vector_table.*))
 .exc_vector_table._vector_table_section
                0x0000000000008000       0x40 zephyr/arch/arch/arm/core/cortex_m/libarch__arm__core__cortex_m.a(vector_table.S.obj)
                0x0000000000008000                _vector_table
 *(SORT_BY_ALIGNMENT(.vectors))
                0x0000000000008154                _vector_end = .
                0x0000000000008040                . = ALIGN (0x4)
 *(SORT_BY_ALIGNMENT(.gnu.linkonce.irq_vector_table*))
 .gnu.linkonce.irq_vector_table
                0x0000000000008040      0x114 zephyr/arch/common/libisr_tables.a(isr_tables.c.obj)
                0x0000000000008040                _irq_vector_table
                0x0000000000008154                _vector_end = .

text            0x0000000000008154    0x137a0
                0x0000000000008154                __text_region_start = .
 *(SORT_BY_ALIGNMENT(.text))
 .text          0x0000000000008154       0x30 c:/ncs/toolchains/c1a76fddb2/opt/zephyr-sdk/arm-zephyr-eabi/bin/../lib/gcc/arm-zephyr-eabi/12.2.0/thumb/v8-m.main/nofp\libgcc.a(_aeabi_uldivmod.o)
                0x0000000000008154                __aeabi_uldivmod
 .text          0x0000000000008184        0x4 c:/ncs/toolchains/c1a76fddb2/opt/zephyr-sdk/arm-zephyr-eabi/bin/../lib/gcc/arm-zephyr-eabi/12.2.0/thumb/v8-m.main/nofp\libgcc.a(_dvmd_tls.o)
                0x0000000000008184                __aeabi_idiv0
                0x0000000000008184                __aeabi_ldiv0
 .text          0x0000000000008188       0x14 c:\ncs\toolchains\c1a76fddb2\opt\zephyr-sdk\arm-zephyr-eabi\bin\../lib/gcc/../../picolibc/arm-zephyr-eabi/lib/thumb/v8-m.main/nofp\libc.a(strcmp.S.o)
                0x0000000000008188                strcmp
 .text          0x000000000000819c       0x10 c:\ncs\toolchains\c1a76fddb2\opt\zephyr-sdk\arm-zephyr-eabi\bin\../lib/gcc/../../picolibc/arm-zephyr-eabi/lib/thumb/v8-m.main/nofp\libc.a(strcpy.S.o)
                0x000000000000819c                strcpy
 .text          0x00000000000081ac       0x10 c:\ncs\toolchains\c1a76fddb2\opt\zephyr-sdk\arm-zephyr-eabi\bin\../lib/gcc/../../picolibc/arm-zephyr-eabi/lib/thumb/v8-m.main/nofp\libc.a(strlen.S.o)
                0x00000000000081ac                strlen
 .text          0x00000000000081bc      0x29c c:/ncs/toolchains/c1a76fddb2/opt/zephyr-sdk/arm-zephyr-eabi/bin/../lib/gcc/arm-zephyr-eabi/12.2.0/thumb/v8-m.main/nofp\libgcc.a(_udivmoddi4.o)
                0x00000000000081bc                __udivmoddi4
 *(SORT_BY_ALIGNMENT(.text.*))
 .text.on_disconnected
                0x0000000000008458       0x18 app/libapp.a(main.c.obj)
 .text.button_changed
                0x0000000000008470       0x1c app/libapp.a(main.c.obj)
 .text.on_connected
                0x000000000000848c       0x28 app/libapp.a(main.c.obj)
 .text.adv_work_handler
                0x00000000000084b4       0x44 app/libapp.a(main.c.obj)
 .text.send_data_thread
                0x00000000000084f8       0x38 app/libapp.a(main.c.obj)
                0x00000000000084f8                send_data_thread
 .text.recycled_cb
                0x0000000000008530       0x1c app/libapp.a(main.c.obj)
 .text.main     0x000000000000854c       0xc8 app/libapp.a(main.c.obj)
                0x000000000000854c                main
 .text.mylbsbc_ccc_cfg_changed
                0x0000000000008614       0x10 app/libapp.a(my_lbs.c.obj)
 .text.mylbsbc_ccc_mysensor_cfg_changed
                0x0000000000008624       0x10 app/libapp.a(my_lbs.c.obj)
 .text.write_led
                0x0000000000008634       0x3c app/libapp.a(my_lbs.c.obj)
 .text.read_button
                0x0000000000008670       0x44 app/libapp.a(my_lbs.c.obj)
 .text.my_lbs_init
                0x00000000000086b4       0x14 app/libapp.a(my_lbs.c.obj)
                0x00000000000086b4                my_lbs_init
 .text.my_lbs_send_sensor_notify
                0x00000000000086c8       0x3c app/libapp.a(my_lbs.c.obj)
                0x00000000000086c8                my_lbs_send_sensor_notify
 .text.readADCValue
                0x0000000000008704      0x114 app/libapp.a(adc.c.obj)
                0x0000000000008704                readADCValue
 .text.cbvprintf_package
                0x0000000000008818      0x3a4 zephyr/libzephyr.a(cbprintf_packaged.c.obj)
                0x0000000000008818                cbvprintf_package
 .text.cbprintf_package_convert
                0x0000000000008bbc      0x3cc zephyr/libzephyr.a(cbprintf_packaged.c.obj)
                0x0000000000008bbc                cbprintf_package_convert
 .text.__printk_hook_install
                0x0000000000008f88        0xc zephyr/libzephyr.a(printk.c.obj)
                0x0000000000008f88                __printk_hook_install
 .text.z_thread_entry
                0x0000000000008f94       0x34 zephyr/libzephyr.a(thread_entry.c.obj)
                0x0000000000008f94                z_thread_entry
 .text.process_event
                0x0000000000008fc8      0x21c zephyr/libzephyr.a(onoff.c.obj)
 .text.ipc_service_open_instance
                0x00000000000091e4       0x40 zephyr/libzephyr.a(ipc_service.c.obj)
                0x00000000000091e4                ipc_service_open_instance
 .text.ipc_service_close_instance
                0x0000000000009224       0x40 zephyr/libzephyr.a(ipc_service.c.obj)
                0x0000000000009224                ipc_service_close_instance
 .text.ipc_service_register_endpoint
                0x0000000000009264       0x44 zephyr/libzephyr.a(ipc_service.c.obj)
                0x0000000000009264                ipc_service_register_endpoint
 .text.ipc_service_deregister_endpoint
                0x00000000000092a8       0x58 zephyr/libzephyr.a(ipc_service.c.obj)
                0x00000000000092a8                ipc_service_deregister_endpoint
 .text.ipc_service_send
                0x0000000000009300       0x5c zephyr/libzephyr.a(ipc_service.c.obj)
                0x0000000000009300                ipc_service_send
 .text.shared_memory_prepare
                0x000000000000935c       0x14 zephyr/libzephyr.a(ipc_rpmsg_static_vrings.c.obj)
 .text.advertise_ept
                0x0000000000009370       0x44 zephyr/libzephyr.a(ipc_rpmsg_static_vrings.c.obj)
 .text.get_ept  0x00000000000093b4       0x28 zephyr/libzephyr.a(ipc_rpmsg_static_vrings.c.obj)
 .text.open     0x00000000000093dc      0x1b0 zephyr/libzephyr.a(ipc_rpmsg_static_vrings.c.obj)
 .text.bound_cb
                0x000000000000958c       0x30 zephyr/libzephyr.a(ipc_rpmsg_static_vrings.c.obj)
 .text.send     0x00000000000095bc       0x4c zephyr/libzephyr.a(ipc_rpmsg_static_vrings.c.obj)
 .text.register_ept
                0x0000000000009608       0xec zephyr/libzephyr.a(ipc_rpmsg_static_vrings.c.obj)
 .text.deregister_ept
                0x00000000000096f4       0x44 zephyr/libzephyr.a(ipc_rpmsg_static_vrings.c.obj)
 .text.ns_bind_cb
                0x0000000000009738       0x6c zephyr/libzephyr.a(ipc_rpmsg.c.obj)
 .text.ipc_rpmsg_register_ept
                0x00000000000097a4       0x3c zephyr/libzephyr.a(ipc_rpmsg.c.obj)
                0x00000000000097a4                ipc_rpmsg_register_ept
 .text.ipc_rpmsg_init
                0x00000000000097e0       0x70 zephyr/libzephyr.a(ipc_rpmsg.c.obj)
                0x00000000000097e0                ipc_rpmsg_init
 .text.ipc_static_vrings_init
                0x0000000000009850       0xbc zephyr/libzephyr.a(ipc_static_vrings.c.obj)
                0x0000000000009850                ipc_static_vrings_init
 .text.activate_foreach_backend
                0x000000000000990c       0x64 zephyr/libzephyr.a(log_core.c.obj)
 .text.enable_logger
                0x0000000000009970       0x5c zephyr/libzephyr.a(log_core.c.obj)
 .text.log_process_thread_timer_expiry_fn
                0x00000000000099cc        0xc zephyr/libzephyr.a(log_core.c.obj)
 .text.z_log_init
                0x00000000000099d8       0x98 zephyr/libzephyr.a(log_core.c.obj)
 .text.log_format_func_t_get
                0x0000000000009a70        0xc zephyr/libzephyr.a(log_core.c.obj)
                0x0000000000009a70                log_format_func_t_get
 .text.log_set_timestamp_func
                0x0000000000009a7c       0x20 zephyr/libzephyr.a(log_core.c.obj)
                0x0000000000009a7c                log_set_timestamp_func
 .text.z_log_notify_backend_enabled
                0x0000000000009a9c       0x1c zephyr/libzephyr.a(log_core.c.obj)
                0x0000000000009a9c                z_log_notify_backend_enabled
 .text.z_log_dropped
                0x0000000000009ab8       0x3c zephyr/libzephyr.a(log_core.c.obj)
                0x0000000000009ab8                z_log_dropped
 .text.z_log_dropped_read_and_clear
                0x0000000000009af4       0x18 zephyr/libzephyr.a(log_core.c.obj)
                0x0000000000009af4                z_log_dropped_read_and_clear
 .text.dropped_notify
                0x0000000000009b0c       0x30 zephyr/libzephyr.a(log_core.c.obj)
                0x0000000000009b0c                dropped_notify
 .text.z_log_msg_init
                0x0000000000009b3c       0x20 zephyr/libzephyr.a(log_core.c.obj)
                0x0000000000009b3c                z_log_msg_init
 .text.log_core_init
                0x0000000000009b5c       0x50 zephyr/libzephyr.a(log_core.c.obj)
                0x0000000000009b5c                log_core_init
 .text.z_log_msg_alloc
                0x0000000000009bac       0x10 zephyr/libzephyr.a(log_core.c.obj)
                0x0000000000009bac                z_log_msg_alloc
 .text.z_log_msg_local_claim
                0x0000000000009bbc        0xc zephyr/libzephyr.a(log_core.c.obj)
                0x0000000000009bbc                z_log_msg_local_claim
 .text.z_log_msg_free
                0x0000000000009bc8       0x10 zephyr/libzephyr.a(log_core.c.obj)
                0x0000000000009bc8                z_log_msg_free
 .text.z_log_msg_pending
                0x0000000000009bd8        0xc zephyr/libzephyr.a(log_core.c.obj)
                0x0000000000009bd8                z_log_msg_pending
 .text.z_impl_log_process
                0x0000000000009be4       0xb8 zephyr/libzephyr.a(log_core.c.obj)
                0x0000000000009be4                z_impl_log_process
 .text.z_impl_log_panic
                0x0000000000009c9c       0x44 zephyr/libzephyr.a(log_core.c.obj)
                0x0000000000009c9c                z_impl_log_panic
 .text.log_process_thread_func
                0x0000000000009ce0       0xa4 zephyr/libzephyr.a(log_core.c.obj)
 .text.z_log_msg_post_finalize
                0x0000000000009d84       0x78 zephyr/libzephyr.a(log_core.c.obj)
 .text.z_log_msg_commit
                0x0000000000009dfc       0x24 zephyr/libzephyr.a(log_core.c.obj)
                0x0000000000009dfc                z_log_msg_commit
 .text.log_source_name_get
                0x0000000000009e20       0x1c zephyr/libzephyr.a(log_mgmt.c.obj)
                0x0000000000009e20                log_source_name_get
 .text.z_impl_z_log_msg_static_create
                0x0000000000009e3c      0x108 zephyr/libzephyr.a(log_msg.c.obj)
                0x0000000000009e3c                z_impl_z_log_msg_static_create
 .text.z_log_msg_runtime_vcreate
                0x0000000000009f44       0xa0 zephyr/libzephyr.a(log_msg.c.obj)
                0x0000000000009f44                z_log_msg_runtime_vcreate
 .text.log_msg_get_source_id
                0x0000000000009fe4       0x18 zephyr/libzephyr.a(log_msg.c.obj)
                0x0000000000009fe4                log_msg_get_source_id
 .text.print_formatted
                0x0000000000009ffc       0x24 zephyr/libzephyr.a(log_output.c.obj)
 .text.newline_print
                0x000000000000a020       0x1c zephyr/libzephyr.a(log_output.c.obj)
 .text.log_output_process
                0x000000000000a03c      0x2d4 zephyr/libzephyr.a(log_output.c.obj)
                0x000000000000a03c                log_output_process
 .text.log_output_dropped_process
                0x000000000000a310       0x58 zephyr/libzephyr.a(log_output.c.obj)
                0x000000000000a310                log_output_dropped_process
 .text.log_output_timestamp_freq_set
                0x000000000000a368       0x2c zephyr/libzephyr.a(log_output.c.obj)
                0x000000000000a368                log_output_timestamp_freq_set
 .text.char_out
                0x000000000000a394       0x24 zephyr/libzephyr.a(log_backend_uart.c.obj)
 .text.mem_attr_get_regions
                0x000000000000a3b8        0xc zephyr/libzephyr.a(mem_attr.c.obj)
                0x000000000000a3b8                mem_attr_get_regions
 .text.boot_banner
                0x000000000000a3c4       0x1c zephyr/libzephyr.a(banner.c.obj)
                0x000000000000a3c4                boot_banner
 .text.z_arm_fatal_error
                0x000000000000a3e0       0xb8 zephyr/arch/arch/arm/core/libarch__arm__core.a(fatal.c.obj)
                0x000000000000a3e0                z_arm_fatal_error
 .text.z_SysNmiOnReset
                0x000000000000a498        0x8 zephyr/arch/arch/arm/core/libarch__arm__core.a(nmi_on_reset.S.obj)
                0x000000000000a498                z_SysNmiOnReset
 .text.arch_tls_stack_setup
                0x000000000000a4a0       0x40 zephyr/arch/arch/arm/core/libarch__arm__core.a(tls.c.obj)
                0x000000000000a4a0                arch_tls_stack_setup
 .text._HandlerModeExit
                0x000000000000a4e0       0x20 zephyr/arch/arch/arm/core/cortex_m/libarch__arm__core__cortex_m.a(exc_exit.c.obj)
                0x000000000000a4e0                z_arm_int_exit
                0x000000000000a4e0                z_arm_exc_exit
 .text.mem_manage_fault.constprop.0
                0x000000000000a500       0xd0 zephyr/arch/arch/arm/core/cortex_m/libarch__arm__core__cortex_m.a(fault.c.obj)
 .text.usage_fault.constprop.0
                0x000000000000a5d0       0xbc zephyr/arch/arch/arm/core/cortex_m/libarch__arm__core__cortex_m.a(fault.c.obj)
 .text.bus_fault.constprop.0
                0x000000000000a68c       0xd0 zephyr/arch/arch/arm/core/cortex_m/libarch__arm__core__cortex_m.a(fault.c.obj)
 .text.z_arm_fault
                0x000000000000a75c      0x1e0 zephyr/arch/arch/arm/core/cortex_m/libarch__arm__core__cortex_m.a(fault.c.obj)
                0x000000000000a75c                z_arm_fault
 .text.z_arm_fault_init
                0x000000000000a93c       0x20 zephyr/arch/arch/arm/core/cortex_m/libarch__arm__core__cortex_m.a(fault.c.obj)
                0x000000000000a93c                z_arm_fault_init
 .text.__fault  0x000000000000a95c       0x14 zephyr/arch/arch/arm/core/cortex_m/libarch__arm__core__cortex_m.a(fault_s.S.obj)
                0x000000000000a95c                z_arm_usage_fault
                0x000000000000a95c                z_arm_mpu_fault
                0x000000000000a95c                z_arm_exc_spurious
                0x000000000000a95c                z_arm_debug_monitor
                0x000000000000a95c                z_arm_hard_fault
                0x000000000000a95c                z_arm_bus_fault
 .text._reset_section
                0x000000000000a970       0x60 zephyr/arch/arch/arm/core/cortex_m/libarch__arm__core__cortex_m.a(reset.S.obj)
                0x000000000000a970                __start
                0x000000000000a970                z_arm_reset
 .text.z_arm_clear_arm_mpu_config
                0x000000000000a9d0       0x24 zephyr/arch/arch/arm/core/cortex_m/libarch__arm__core__cortex_m.a(scb.c.obj)
                0x000000000000a9d0                z_arm_clear_arm_mpu_config
 .text.z_arm_init_arch_hw_at_boot
                0x000000000000a9f4       0x4c zephyr/arch/arch/arm/core/cortex_m/libarch__arm__core__cortex_m.a(scb.c.obj)
                0x000000000000a9f4                z_arm_init_arch_hw_at_boot
 .text.z_impl_k_thread_abort
                0x000000000000aa40       0x2c zephyr/arch/arch/arm/core/cortex_m/libarch__arm__core__cortex_m.a(thread_abort.c.obj)
                0x000000000000aa40                z_impl_k_thread_abort
 .text.z_arm_pendsv
                0x000000000000aa6c       0x68 zephyr/arch/arch/arm/core/cortex_m/libarch__arm__core__cortex_m.a(swap_helper.S.obj)
                0x000000000000aa6c                z_arm_pendsv
 .text.z_arm_svc
                0x000000000000aad4       0x24 zephyr/arch/arch/arm/core/cortex_m/libarch__arm__core__cortex_m.a(swap_helper.S.obj)
                0x000000000000aad4                z_arm_svc
 .text.arm_irq_enable
                0x000000000000aaf8       0x1c zephyr/arch/arch/arm/core/cortex_m/libarch__arm__core__cortex_m.a(irq_manage.c.obj)
                0x000000000000aaf8                arm_irq_enable
 .text.arm_irq_disable
                0x000000000000ab14       0x28 zephyr/arch/arch/arm/core/cortex_m/libarch__arm__core__cortex_m.a(irq_manage.c.obj)
                0x000000000000ab14                arm_irq_disable
 .text.arm_irq_is_enabled
                0x000000000000ab3c       0x1c zephyr/arch/arch/arm/core/cortex_m/libarch__arm__core__cortex_m.a(irq_manage.c.obj)
                0x000000000000ab3c                arm_irq_is_enabled
 .text.arm_irq_priority_set
                0x000000000000ab58       0x2c zephyr/arch/arch/arm/core/cortex_m/libarch__arm__core__cortex_m.a(irq_manage.c.obj)
                0x000000000000ab58                arm_irq_priority_set
 .text.relocate_vector_table
                0x000000000000ab84       0x1c zephyr/arch/arch/arm/core/cortex_m/libarch__arm__core__cortex_m.a(prep_c.c.obj)
                0x000000000000ab84                relocate_vector_table
 .text.z_prep_c
                0x000000000000aba0       0x28 zephyr/arch/arch/arm/core/cortex_m/libarch__arm__core__cortex_m.a(prep_c.c.obj)
                0x000000000000aba0                z_prep_c
 .text.arch_new_thread
                0x000000000000abc8       0x40 zephyr/arch/arch/arm/core/cortex_m/libarch__arm__core__cortex_m.a(thread.c.obj)
                0x000000000000abc8                arch_new_thread
 .text.arch_switch_to_main_thread
                0x000000000000ac08       0x40 zephyr/arch/arch/arm/core/cortex_m/libarch__arm__core__cortex_m.a(thread.c.obj)
                0x000000000000ac08                arch_switch_to_main_thread
 .text.z_arm_cpu_idle_init
                0x000000000000ac48        0xc zephyr/arch/arch/arm/core/cortex_m/libarch__arm__core__cortex_m.a(cpu_idle.c.obj)
                0x000000000000ac48                z_arm_cpu_idle_init
 .text.z_arm_interrupt_init
                0x000000000000ac54       0x18 zephyr/arch/arch/arm/core/cortex_m/libarch__arm__core__cortex_m.a(irq_init.c.obj)
                0x000000000000ac54                z_arm_interrupt_init
 .text._isr_wrapper
                0x000000000000ac6c       0x24 zephyr/arch/arch/arm/core/cortex_m/libarch__arm__core__cortex_m.a(isr_wrapper.c.obj)
                0x000000000000ac6c                _isr_wrapper
 .text.z_arm_configure_static_mpu_regions
                0x000000000000ac90       0x38 zephyr/arch/arch/arm/core/mpu/libarch__arm__core__mpu.a(arm_core_mpu.c.obj)
                0x000000000000ac90                z_arm_configure_static_mpu_regions
 .text.region_init
                0x000000000000acc8       0x34 zephyr/arch/arch/arm/core/mpu/libarch__arm__core__mpu.a(arm_mpu.c.obj)
 .text.region_allocate_and_init
                0x000000000000acfc       0x38 zephyr/arch/arch/arm/core/mpu/libarch__arm__core__mpu.a(arm_mpu.c.obj)
 .text.mpu_configure_regions_and_partition.constprop.0
                0x000000000000ad34      0x164 zephyr/arch/arch/arm/core/mpu/libarch__arm__core__mpu.a(arm_mpu.c.obj)
 .text.arm_core_mpu_enable
                0x000000000000ae98       0x18 zephyr/arch/arch/arm/core/mpu/libarch__arm__core__mpu.a(arm_mpu.c.obj)
                0x000000000000ae98                arm_core_mpu_enable
 .text.arm_core_mpu_disable
                0x000000000000aeb0       0x14 zephyr/arch/arch/arm/core/mpu/libarch__arm__core__mpu.a(arm_mpu.c.obj)
                0x000000000000aeb0                arm_core_mpu_disable
 .text.arm_core_mpu_configure_static_mpu_regions
                0x000000000000aec4       0x14 zephyr/arch/arch/arm/core/mpu/libarch__arm__core__mpu.a(arm_mpu.c.obj)
                0x000000000000aec4                arm_core_mpu_configure_static_mpu_regions
 .text.arm_core_mpu_mark_areas_for_dynamic_regions
                0x000000000000aed8       0xb8 zephyr/arch/arch/arm/core/mpu/libarch__arm__core__mpu.a(arm_mpu.c.obj)
                0x000000000000aed8                arm_core_mpu_mark_areas_for_dynamic_regions
 .text.z_arm_mpu_init
                0x000000000000af90      0x11c zephyr/arch/arch/arm/core/mpu/libarch__arm__core__mpu.a(arm_mpu.c.obj)
                0x000000000000af90                z_arm_mpu_init
 .text.cbvprintf
                0x000000000000b0ac       0x38 zephyr/lib/libc/picolibc/liblib__libc__picolibc.a(cbprintf.c.obj)
                0x000000000000b0ac                cbvprintf
 .text._exit    0x000000000000b0e4       0x10 zephyr/lib/libc/picolibc/liblib__libc__picolibc.a(exit.c.obj)
                0x000000000000b0e4                _exit
 .text.z_impl_zephyr_fputc
                0x000000000000b0f4       0x10 zephyr/lib/libc/picolibc/liblib__libc__picolibc.a(stdio.c.obj)
                0x000000000000b0f4                z_impl_zephyr_fputc
 .text.__stdout_hook_install
                0x000000000000b104       0x18 zephyr/lib/libc/picolibc/liblib__libc__picolibc.a(stdio.c.obj)
                0x000000000000b104                __stdout_hook_install
 .text.malloc_prepare
                0x000000000000b11c       0x24 zephyr/lib/libc/common/liblib__libc__common.a(malloc.c.obj)
 .text.net_buf_destroy
                0x000000000000b140       0x38 zephyr/lib/net_buf/liblib__net_buf.a(buf.c.obj)
 .text.net_buf_pool_get
                0x000000000000b178       0x10 zephyr/lib/net_buf/liblib__net_buf.a(buf.c.obj)
                0x000000000000b178                net_buf_pool_get
 .text.net_buf_id
                0x000000000000b188       0x20 zephyr/lib/net_buf/liblib__net_buf.a(buf.c.obj)
                0x000000000000b188                net_buf_id
 .text.fixed_data_alloc
                0x000000000000b1a8       0x24 zephyr/lib/net_buf/liblib__net_buf.a(buf.c.obj)
 .text.net_buf_alloc_len
                0x000000000000b1cc       0xfc zephyr/lib/net_buf/liblib__net_buf.a(buf.c.obj)
                0x000000000000b1cc                net_buf_alloc_len
 .text.net_buf_unref
                0x000000000000b2c8       0x38 zephyr/lib/net_buf/liblib__net_buf.a(buf.c.obj)
                0x000000000000b2c8                net_buf_unref
 .text.z_arm_on_enter_cpu_idle
                0x000000000000b300       0x68 zephyr/soc/soc/nrf5340/libsoc__nordic.a(soc.c.obj)
                0x000000000000b300                z_arm_on_enter_cpu_idle
 .text.soc_late_init_hook
                0x000000000000b368       0x58 zephyr/soc/soc/nrf5340/libsoc__nordic.a(soc.c.obj)
                0x000000000000b368                soc_late_init_hook
 .text.arch_busy_wait
                0x000000000000b3c0       0x24 zephyr/soc/soc/nrf5340/libsoc__nordic.a(soc.c.obj)
                0x000000000000b3c0                arch_busy_wait
 .text.onoff_stop
                0x000000000000b3e4       0x24 zephyr/soc/soc/nrf5340/libsoc__nordic.a(nrf53_cpunet_mgmt.c.obj)
 .text.onoff_start
                0x000000000000b408       0x70 zephyr/soc/soc/nrf5340/libsoc__nordic.a(nrf53_cpunet_mgmt.c.obj)
 .text.nrf53_cpunet_mgmt_init
                0x000000000000b478       0x10 zephyr/soc/soc/nrf5340/libsoc__nordic.a(nrf53_cpunet_mgmt.c.obj)
                0x000000000000b478                nrf53_cpunet_mgmt_init
 .text.nrf53_cpunet_enable
                0x000000000000b488       0x34 zephyr/soc/soc/nrf5340/libsoc__nordic.a(nrf53_cpunet_mgmt.c.obj)
                0x000000000000b488                nrf53_cpunet_enable
 .text.xoshiro128_initialize
                0x000000000000b4bc       0x18 zephyr/subsys/random/libsubsys__random.a(random_xoshiro128.c.obj)
 .text.bt_hex   0x000000000000b4d4       0x44 zephyr/subsys/bluetooth/common/libsubsys__bluetooth__common.a(bt_str.c.obj)
                0x000000000000b4d4                bt_hex
 .text.bt_addr_le_str
                0x000000000000b518       0x7c zephyr/subsys/bluetooth/common/libsubsys__bluetooth__common.a(bt_str.c.obj)
                0x000000000000b518                bt_addr_le_str
 .text.long_wq_init
                0x000000000000b594       0x38 zephyr/subsys/bluetooth/host/libsubsys__bluetooth__host.a(long_wq.c.obj)
 .text.bt_long_wq_schedule
                0x000000000000b5cc        0xc zephyr/subsys/bluetooth/host/libsubsys__bluetooth__host.a(long_wq.c.obj)
                0x000000000000b5cc                bt_long_wq_schedule
 .text.uuid_to_uuid128
                0x000000000000b5d8       0x78 zephyr/subsys/bluetooth/host/libsubsys__bluetooth__host.a(uuid.c.obj)
 .text.buf_rx_freed_notify
                0x000000000000b650       0x20 zephyr/subsys/bluetooth/host/libsubsys__bluetooth__host.a(buf.c.obj)
 .text.bt_buf_get_rx
                0x000000000000b670       0x50 zephyr/subsys/bluetooth/host/libsubsys__bluetooth__host.a(buf.c.obj)
                0x000000000000b670                bt_buf_get_rx
 .text.bt_buf_get_evt
                0x000000000000b6c0       0x3c zephyr/subsys/bluetooth/host/libsubsys__bluetooth__host.a(buf.c.obj)
                0x000000000000b6c0                bt_buf_get_evt
 .text.hci_data_buf_overflow
                0x000000000000b6fc       0x18 zephyr/subsys/bluetooth/host/libsubsys__bluetooth__host.a(hci_core.c.obj)
 .text.hci_disconn_complete_prio
                0x000000000000b714       0x4c zephyr/subsys/bluetooth/host/libsubsys__bluetooth__host.a(hci_core.c.obj)
 .text.hci_disconn_complete
                0x000000000000b760       0x44 zephyr/subsys/bluetooth/host/libsubsys__bluetooth__host.a(hci_core.c.obj)
 .text.le_phy_update_complete
                0x000000000000b7a4       0x34 zephyr/subsys/bluetooth/host/libsubsys__bluetooth__host.a(hci_core.c.obj)
 .text.hci_hardware_error
                0x000000000000b7d8       0x24 zephyr/subsys/bluetooth/host/libsubsys__bluetooth__host.a(hci_core.c.obj)
 .text.rx_queue_put
                0x000000000000b7fc       0x3c zephyr/subsys/bluetooth/host/libsubsys__bluetooth__host.a(hci_core.c.obj)
 .text.find_pending_connect.part.0
                0x000000000000b838       0x2c zephyr/subsys/bluetooth/host/libsubsys__bluetooth__host.a(hci_core.c.obj)
 .text.le_conn_param_neg_reply.part.0
                0x000000000000b864       0x14 zephyr/subsys/bluetooth/host/libsubsys__bluetooth__host.a(hci_core.c.obj)
 .text.handle_event.part.0
                0x000000000000b878       0x48 zephyr/subsys/bluetooth/host/libsubsys__bluetooth__host.a(hci_core.c.obj)
 .text.le_remote_feat_complete
                0x000000000000b8c0       0x54 zephyr/subsys/bluetooth/host/libsubsys__bluetooth__host.a(hci_core.c.obj)
 .text.enh_conn_complete_error_handle
                0x000000000000b914       0x80 zephyr/subsys/bluetooth/host/libsubsys__bluetooth__host.a(hci_core.c.obj)
 .text.hci_cmd_done.part.0
                0x000000000000b994      0x128 zephyr/subsys/bluetooth/host/libsubsys__bluetooth__host.a(hci_core.c.obj)
 .text.handle_event_common
                0x000000000000babc       0x50 zephyr/subsys/bluetooth/host/libsubsys__bluetooth__host.a(hci_core.c.obj)
 .text.rx_work_handler
                0x000000000000bb0c      0x140 zephyr/subsys/bluetooth/host/libsubsys__bluetooth__host.a(hci_core.c.obj)
 .text.hci_le_meta_event
                0x000000000000bc4c       0x20 zephyr/subsys/bluetooth/host/libsubsys__bluetooth__host.a(hci_core.c.obj)
 .text.hci_vendor_event
                0x000000000000bc6c       0x68 zephyr/subsys/bluetooth/host/libsubsys__bluetooth__host.a(hci_core.c.obj)
 .text.hci_num_completed_packets
                0x000000000000bcd4       0xf4 zephyr/subsys/bluetooth/host/libsubsys__bluetooth__host.a(hci_core.c.obj)
 .text.le_conn_update_complete
                0x000000000000bdc8      0x118 zephyr/subsys/bluetooth/host/libsubsys__bluetooth__host.a(hci_core.c.obj)
 .text.hci_reset_complete
                0x000000000000bee0       0x1c zephyr/subsys/bluetooth/host/libsubsys__bluetooth__host.a(hci_core.c.obj)
 .text.bt_hci_cmd_state_set_init
                0x000000000000befc       0x24 zephyr/subsys/bluetooth/host/libsubsys__bluetooth__host.a(hci_core.c.obj)
                0x000000000000befc                bt_hci_cmd_state_set_init
 .text.bt_hci_cmd_alloc
                0x000000000000bf20       0x50 zephyr/subsys/bluetooth/host/libsubsys__bluetooth__host.a(hci_core.c.obj)
                0x000000000000bf20                bt_hci_cmd_alloc
 .text.bt_hci_get_ver_str
                0x000000000000bf70       0x3c zephyr/subsys/bluetooth/host/libsubsys__bluetooth__host.a(hci_core.c.obj)
                0x000000000000bf70                bt_hci_get_ver_str
 .text.bt_send  0x000000000000bfac       0x14 zephyr/subsys/bluetooth/host/libsubsys__bluetooth__host.a(hci_core.c.obj)
                0x000000000000bfac                bt_send
 .text.hci_event_prio
                0x000000000000bfc0       0xa4 zephyr/subsys/bluetooth/host/libsubsys__bluetooth__host.a(hci_core.c.obj)
                0x000000000000bfc0                hci_event_prio
 .text.bt_hci_recv
                0x000000000000c064       0x5c zephyr/subsys/bluetooth/host/libsubsys__bluetooth__host.a(hci_core.c.obj)
                0x000000000000c064                bt_hci_recv
 .text.bt_finalize_init
                0x000000000000c0c0      0x164 zephyr/subsys/bluetooth/host/libsubsys__bluetooth__host.a(hci_core.c.obj)
                0x000000000000c0c0                bt_finalize_init
 .text.bt_get_name
                0x000000000000c224        0x8 zephyr/subsys/bluetooth/host/libsubsys__bluetooth__host.a(hci_core.c.obj)
                0x000000000000c224                bt_get_name
 .text.bt_tx_irq_raise
                0x000000000000c22c        0xc zephyr/subsys/bluetooth/host/libsubsys__bluetooth__host.a(hci_core.c.obj)
                0x000000000000c22c                bt_tx_irq_raise
 .text.bt_hci_cmd_send
                0x000000000000c238       0x9c zephyr/subsys/bluetooth/host/libsubsys__bluetooth__host.a(hci_core.c.obj)
                0x000000000000c238                bt_hci_cmd_send
 .text.bt_hci_host_num_completed_packets
                0x000000000000c2d4       0xdc zephyr/subsys/bluetooth/host/libsubsys__bluetooth__host.a(hci_core.c.obj)
                0x000000000000c2d4                bt_hci_host_num_completed_packets
 .text.le_conn_param_req
                0x000000000000c3b0       0xc4 zephyr/subsys/bluetooth/host/libsubsys__bluetooth__host.a(hci_core.c.obj)
 .text.process_pending_cmd
                0x000000000000c474       0xd8 zephyr/subsys/bluetooth/host/libsubsys__bluetooth__host.a(hci_core.c.obj)
 .text.bt_hci_cmd_send_sync
                0x000000000000c54c      0x1bc zephyr/subsys/bluetooth/host/libsubsys__bluetooth__host.a(hci_core.c.obj)
                0x000000000000c54c                bt_hci_cmd_send_sync
 .text.bt_init  0x000000000000c708      0x4f0 zephyr/subsys/bluetooth/host/libsubsys__bluetooth__host.a(hci_core.c.obj)
 .text.init_work
                0x000000000000cbf8       0x18 zephyr/subsys/bluetooth/host/libsubsys__bluetooth__host.a(hci_core.c.obj)
 .text.bt_enable
                0x000000000000cc10       0xd0 zephyr/subsys/bluetooth/host/libsubsys__bluetooth__host.a(hci_core.c.obj)
                0x000000000000cc10                bt_enable
 .text.bt_hci_le_rand
                0x000000000000cce0       0x58 zephyr/subsys/bluetooth/host/libsubsys__bluetooth__host.a(hci_core.c.obj)
                0x000000000000cce0                bt_hci_le_rand
 .text.bt_hci_le_enh_conn_complete
                0x000000000000cd38      0x1ac zephyr/subsys/bluetooth/host/libsubsys__bluetooth__host.a(hci_core.c.obj)
                0x000000000000cd38                bt_hci_le_enh_conn_complete
 .text.le_legacy_conn_complete
                0x000000000000cee4       0x7c zephyr/subsys/bluetooth/host/libsubsys__bluetooth__host.a(hci_core.c.obj)
 .text.hci_cmd_status
                0x000000000000cf60       0x34 zephyr/subsys/bluetooth/host/libsubsys__bluetooth__host.a(hci_core.c.obj)
 .text.hci_cmd_complete
                0x000000000000cf94       0x78 zephyr/subsys/bluetooth/host/libsubsys__bluetooth__host.a(hci_core.c.obj)
 .text.id_find  0x000000000000d00c       0x30 zephyr/subsys/bluetooth/host/libsubsys__bluetooth__host.a(id.c.obj)
 .text.set_random_address
                0x000000000000d03c       0x78 zephyr/subsys/bluetooth/host/libsubsys__bluetooth__host.a(id.c.obj)
 .text.id_create.constprop.0
                0x000000000000d0b4       0x74 zephyr/subsys/bluetooth/host/libsubsys__bluetooth__host.a(id.c.obj)
 .text.bt_id_create
                0x000000000000d128       0x98 zephyr/subsys/bluetooth/host/libsubsys__bluetooth__host.a(id.c.obj)
                0x000000000000d128                bt_id_create
 .text.bt_id_read_public_addr
                0x000000000000d1c0       0x88 zephyr/subsys/bluetooth/host/libsubsys__bluetooth__host.a(id.c.obj)
                0x000000000000d1c0                bt_id_read_public_addr
 .text.bt_setup_public_id_addr
                0x000000000000d248       0x20 zephyr/subsys/bluetooth/host/libsubsys__bluetooth__host.a(id.c.obj)
                0x000000000000d248                bt_setup_public_id_addr
 .text.bt_setup_random_id_addr
                0x000000000000d268       0xd8 zephyr/subsys/bluetooth/host/libsubsys__bluetooth__host.a(id.c.obj)
                0x000000000000d268                bt_setup_random_id_addr
 .text.bt_id_set_adv_own_addr
                0x000000000000d340       0xe0 zephyr/subsys/bluetooth/host/libsubsys__bluetooth__host.a(id.c.obj)
                0x000000000000d340                bt_id_set_adv_own_addr
 .text.bt_id_init
                0x000000000000d420       0x54 zephyr/subsys/bluetooth/host/libsubsys__bluetooth__host.a(id.c.obj)
                0x000000000000d420                bt_id_init
 .text.hci_set_ad
                0x000000000000d474       0xd8 zephyr/subsys/bluetooth/host/libsubsys__bluetooth__host.a(adv.c.obj)
 .text.adv_is_directed
                0x000000000000d54c       0x18 zephyr/subsys/bluetooth/host/libsubsys__bluetooth__host.a(adv.c.obj)
 .text.le_adv_start_add_conn
                0x000000000000d564       0x60 zephyr/subsys/bluetooth/host/libsubsys__bluetooth__host.a(adv.c.obj)
 .text.valid_adv_param
                0x000000000000d5c4       0x84 zephyr/subsys/bluetooth/host/libsubsys__bluetooth__host.a(adv.c.obj)
 .text.bt_le_adv_lookup_legacy
                0x000000000000d648        0x8 zephyr/subsys/bluetooth/host/libsubsys__bluetooth__host.a(adv.c.obj)
                0x000000000000d648                bt_le_adv_lookup_legacy
 .text.bt_le_adv_start_legacy
                0x000000000000d650      0x27c zephyr/subsys/bluetooth/host/libsubsys__bluetooth__host.a(adv.c.obj)
                0x000000000000d650                bt_le_adv_start_legacy
 .text.bt_le_adv_start
                0x000000000000d8cc       0x64 zephyr/subsys/bluetooth/host/libsubsys__bluetooth__host.a(adv.c.obj)
                0x000000000000d8cc                bt_le_adv_start
 .text.bt_le_adv_stop
                0x000000000000d930       0x78 zephyr/subsys/bluetooth/host/libsubsys__bluetooth__host.a(adv.c.obj)
                0x000000000000d930                bt_le_adv_stop
 .text.adv_timeout
                0x000000000000d9a8       0x24 zephyr/subsys/bluetooth/host/libsubsys__bluetooth__host.a(adv.c.obj)
 .text.bt_le_adv_resume
                0x000000000000d9cc       0xe0 zephyr/subsys/bluetooth/host/libsubsys__bluetooth__host.a(adv.c.obj)
                0x000000000000d9cc                bt_le_adv_resume
 .text.bt_crypto_init
                0x000000000000daac       0x24 zephyr/subsys/bluetooth/host/libsubsys__bluetooth__host.a(crypto_psa.c.obj)
                0x000000000000daac                bt_crypto_init
 .text.bt_rand  0x000000000000dad0       0x24 zephyr/subsys/bluetooth/host/libsubsys__bluetooth__host.a(crypto_psa.c.obj)
                0x000000000000dad0                bt_rand
 .text.notify_connected
                0x000000000000daf4       0x40 zephyr/subsys/bluetooth/host/libsubsys__bluetooth__host.a(conn.c.obj)
 .text.frag_destroy
                0x000000000000db34       0x20 zephyr/subsys/bluetooth/host/libsubsys__bluetooth__host.a(conn.c.obj)
                0x000000000000db34                frag_destroy
 .text.conn_tx_destroy
                0x000000000000db54       0x2c zephyr/subsys/bluetooth/host/libsubsys__bluetooth__host.a(conn.c.obj)
 .text.recycled_work_handler
                0x000000000000db80       0x54 zephyr/subsys/bluetooth/host/libsubsys__bluetooth__host.a(conn.c.obj)
 .text.tx_notify_process
                0x000000000000dbd4       0x60 zephyr/subsys/bluetooth/host/libsubsys__bluetooth__host.a(conn.c.obj)
 .text.perform_auto_initiated_procedures.part.0
                0x000000000000dc34       0x88 zephyr/subsys/bluetooth/host/libsubsys__bluetooth__host.a(conn.c.obj)
 .text.bt_conn_get_pkts
                0x000000000000dcbc       0x18 zephyr/subsys/bluetooth/host/libsubsys__bluetooth__host.a(conn.c.obj)
                0x000000000000dcbc                bt_conn_get_pkts
 .text.bt_conn_tx_notify
                0x000000000000dcd4       0x48 zephyr/subsys/bluetooth/host/libsubsys__bluetooth__host.a(conn.c.obj)
                0x000000000000dcd4                bt_conn_tx_notify
 .text.bt_conn_new
                0x000000000000dd1c       0x5c zephyr/subsys/bluetooth/host/libsubsys__bluetooth__host.a(conn.c.obj)
                0x000000000000dd1c                bt_conn_new
 .text.bt_conn_recv
                0x000000000000dd78       0xfc zephyr/subsys/bluetooth/host/libsubsys__bluetooth__host.a(conn.c.obj)
                0x000000000000dd78                bt_conn_recv
 .text.bt_conn_data_ready
                0x000000000000de74       0x4c zephyr/subsys/bluetooth/host/libsubsys__bluetooth__host.a(conn.c.obj)
                0x000000000000de74                bt_conn_data_ready
 .text.get_conn_ready
                0x000000000000dec0       0xfc zephyr/subsys/bluetooth/host/libsubsys__bluetooth__host.a(conn.c.obj)
                0x000000000000dec0                get_conn_ready
 .text.bt_conn_unref
                0x000000000000dfbc       0x4c zephyr/subsys/bluetooth/host/libsubsys__bluetooth__host.a(conn.c.obj)
                0x000000000000dfbc                bt_conn_unref
 .text.bt_conn_set_state
                0x000000000000e008      0x1c4 zephyr/subsys/bluetooth/host/libsubsys__bluetooth__host.a(conn.c.obj)
                0x000000000000e008                bt_conn_set_state
 .text.bt_conn_lookup_handle
                0x000000000000e1cc       0x40 zephyr/subsys/bluetooth/host/libsubsys__bluetooth__host.a(conn.c.obj)
                0x000000000000e1cc                bt_conn_lookup_handle
 .text.bt_conn_foreach
                0x000000000000e20c       0x30 zephyr/subsys/bluetooth/host/libsubsys__bluetooth__host.a(conn.c.obj)
                0x000000000000e20c                bt_conn_foreach
 .text.auto_initiated_procedures
                0x000000000000e23c       0x10 zephyr/subsys/bluetooth/host/libsubsys__bluetooth__host.a(conn.c.obj)
 .text.bt_conn_index
                0x000000000000e24c       0x18 zephyr/subsys/bluetooth/host/libsubsys__bluetooth__host.a(conn.c.obj)
                0x000000000000e24c                bt_conn_index
 .text.bt_conn_create_pdu_timeout
                0x000000000000e264       0x70 zephyr/subsys/bluetooth/host/libsubsys__bluetooth__host.a(conn.c.obj)
                0x000000000000e264                bt_conn_create_pdu_timeout
 .text.bt_conn_connected
                0x000000000000e2d4       0x20 zephyr/subsys/bluetooth/host/libsubsys__bluetooth__host.a(conn.c.obj)
                0x000000000000e2d4                bt_conn_connected
 .text.bt_conn_tx_processor
                0x000000000000e2f4      0x260 zephyr/subsys/bluetooth/host/libsubsys__bluetooth__host.a(conn.c.obj)
                0x000000000000e2f4                bt_conn_tx_processor
 .text.notify_le_param_updated
                0x000000000000e554       0x8c zephyr/subsys/bluetooth/host/libsubsys__bluetooth__host.a(conn.c.obj)
                0x000000000000e554                notify_le_param_updated
 .text.le_param_req
                0x000000000000e5e0       0x78 zephyr/subsys/bluetooth/host/libsubsys__bluetooth__host.a(conn.c.obj)
                0x000000000000e5e0                le_param_req
 .text.bt_conn_cb_register
                0x000000000000e658       0x30 zephyr/subsys/bluetooth/host/libsubsys__bluetooth__host.a(conn.c.obj)
                0x000000000000e658                bt_conn_cb_register
 .text.bt_conn_add_le
                0x000000000000e688       0x54 zephyr/subsys/bluetooth/host/libsubsys__bluetooth__host.a(conn.c.obj)
                0x000000000000e688                bt_conn_add_le
 .text.bt_conn_lookup_addr_le
                0x000000000000e6dc       0x34 zephyr/subsys/bluetooth/host/libsubsys__bluetooth__host.a(conn.c.obj)
                0x000000000000e6dc                bt_conn_lookup_addr_le
 .text.bt_conn_exists_le
                0x000000000000e710       0x70 zephyr/subsys/bluetooth/host/libsubsys__bluetooth__host.a(conn.c.obj)
                0x000000000000e710                bt_conn_exists_le
 .text.bt_conn_lookup_state_le
                0x000000000000e780       0x44 zephyr/subsys/bluetooth/host/libsubsys__bluetooth__host.a(conn.c.obj)
                0x000000000000e780                bt_conn_lookup_state_le
 .text.send_conn_le_param_update
                0x000000000000e7c4       0x68 zephyr/subsys/bluetooth/host/libsubsys__bluetooth__host.a(conn.c.obj)
 .text.deferred_work
                0x000000000000e82c      0x100 zephyr/subsys/bluetooth/host/libsubsys__bluetooth__host.a(conn.c.obj)
 .text.bt_conn_lookup_index
                0x000000000000e92c       0x10 zephyr/subsys/bluetooth/host/libsubsys__bluetooth__host.a(conn.c.obj)
                0x000000000000e92c                bt_conn_lookup_index
 .text.bt_conn_init
                0x000000000000e93c       0x44 zephyr/subsys/bluetooth/host/libsubsys__bluetooth__host.a(conn.c.obj)
                0x000000000000e93c                bt_conn_init
 .text.l2cap_create_le_sig_pdu.part.0
                0x000000000000e980       0x1c zephyr/subsys/bluetooth/host/libsubsys__bluetooth__host.a(l2cap.c.obj)
 .text.l2cap_accept.part.0
                0x000000000000e99c       0x30 zephyr/subsys/bluetooth/host/libsubsys__bluetooth__host.a(l2cap.c.obj)
 .text.l2cap_accept
                0x000000000000e9cc       0x1c zephyr/subsys/bluetooth/host/libsubsys__bluetooth__host.a(l2cap.c.obj)
 .text.bt_l2cap_connected
                0x000000000000e9e8       0x98 zephyr/subsys/bluetooth/host/libsubsys__bluetooth__host.a(l2cap.c.obj)
                0x000000000000e9e8                bt_l2cap_connected
 .text.bt_l2cap_create_pdu_timeout
                0x000000000000ea80       0x34 zephyr/subsys/bluetooth/host/libsubsys__bluetooth__host.a(l2cap.c.obj)
                0x000000000000ea80                bt_l2cap_create_pdu_timeout
 .text.bt_l2cap_send_pdu
                0x000000000000eab4       0x5c zephyr/subsys/bluetooth/host/libsubsys__bluetooth__host.a(l2cap.c.obj)
                0x000000000000eab4                bt_l2cap_send_pdu
 .text.l2cap_data_pull
                0x000000000000eb10      0x108 zephyr/subsys/bluetooth/host/libsubsys__bluetooth__host.a(l2cap.c.obj)
                0x000000000000eb10                l2cap_data_pull
 .text.l2cap_recv.part.0
                0x000000000000ec18       0xa4 zephyr/subsys/bluetooth/host/libsubsys__bluetooth__host.a(l2cap.c.obj)
 .text.l2cap_recv
                0x000000000000ecbc       0x24 zephyr/subsys/bluetooth/host/libsubsys__bluetooth__host.a(l2cap.c.obj)
 .text.bt_l2cap_recv
                0x000000000000ece0       0x58 zephyr/subsys/bluetooth/host/libsubsys__bluetooth__host.a(l2cap.c.obj)
                0x000000000000ece0                bt_l2cap_recv
 .text.bt_l2cap_update_conn_param
                0x000000000000ed38       0x50 zephyr/subsys/bluetooth/host/libsubsys__bluetooth__host.a(l2cap.c.obj)
                0x000000000000ed38                bt_l2cap_update_conn_param
 .text.att_op_get_type
                0x000000000000ed88       0x74 zephyr/subsys/bluetooth/host/libsubsys__bluetooth__host.a(att.c.obj)
 .text.bt_att_released
                0x000000000000edfc        0xc zephyr/subsys/bluetooth/host/libsubsys__bluetooth__host.a(att.c.obj)
 .text.bt_att_connected
                0x000000000000ee08       0x38 zephyr/subsys/bluetooth/host/libsubsys__bluetooth__host.a(att.c.obj)
 .text.bt_addr_le_to_str.constprop.0.isra.0
                0x000000000000ee40       0x78 zephyr/subsys/bluetooth/host/libsubsys__bluetooth__host.a(att.c.obj)
 .text.read_group_cb
                0x000000000000eeb8       0xb8 zephyr/subsys/bluetooth/host/libsubsys__bluetooth__host.a(att.c.obj)
 .text.bt_att_accept
                0x000000000000ef70      0x120 zephyr/subsys/bluetooth/host/libsubsys__bluetooth__host.a(att.c.obj)
 .text.read_type_cb
                0x000000000000f090       0xac zephyr/subsys/bluetooth/host/libsubsys__bluetooth__host.a(att.c.obj)
 .text.bt_att_chan_create_pdu
                0x000000000000f13c       0xbc zephyr/subsys/bluetooth/host/libsubsys__bluetooth__host.a(att.c.obj)
 .text.find_type_cb
                0x000000000000f1f8      0x164 zephyr/subsys/bluetooth/host/libsubsys__bluetooth__host.a(att.c.obj)
 .text.chan_send
                0x000000000000f35c       0xe0 zephyr/subsys/bluetooth/host/libsubsys__bluetooth__host.a(att.c.obj)
 .text.att_tx_destroy
                0x000000000000f43c      0x10c zephyr/subsys/bluetooth/host/libsubsys__bluetooth__host.a(att.c.obj)
 .text.bt_att_recv
                0x000000000000f548       0xc8 zephyr/subsys/bluetooth/host/libsubsys__bluetooth__host.a(att.c.obj)
 .text.att_write_rsp.constprop.0
                0x000000000000f610       0xc0 zephyr/subsys/bluetooth/host/libsubsys__bluetooth__host.a(att.c.obj)
 .text.att_get  0x000000000000f6d0       0x4c zephyr/subsys/bluetooth/host/libsubsys__bluetooth__host.a(att.c.obj)
 .text.bt_att_create_pdu
                0x000000000000f71c       0x64 zephyr/subsys/bluetooth/host/libsubsys__bluetooth__host.a(att.c.obj)
                0x000000000000f71c                bt_att_create_pdu
 .text.bt_att_create_rsp_pdu
                0x000000000000f780       0x60 zephyr/subsys/bluetooth/host/libsubsys__bluetooth__host.a(att.c.obj)
                0x000000000000f780                bt_att_create_rsp_pdu
 .text.att_read_group_req
                0x000000000000f7e0       0xf0 zephyr/subsys/bluetooth/host/libsubsys__bluetooth__host.a(att.c.obj)
 .text.att_read_mult_vl_req
                0x000000000000f8d0       0x9c zephyr/subsys/bluetooth/host/libsubsys__bluetooth__host.a(att.c.obj)
 .text.att_read_mult_req
                0x000000000000f96c       0x9c zephyr/subsys/bluetooth/host/libsubsys__bluetooth__host.a(att.c.obj)
 .text.att_read_rsp
                0x000000000000fa08       0x90 zephyr/subsys/bluetooth/host/libsubsys__bluetooth__host.a(att.c.obj)
 .text.att_read_type_req
                0x000000000000fa98      0x114 zephyr/subsys/bluetooth/host/libsubsys__bluetooth__host.a(att.c.obj)
 .text.att_find_type_req
                0x000000000000fbac       0xc0 zephyr/subsys/bluetooth/host/libsubsys__bluetooth__host.a(att.c.obj)
 .text.att_find_info_req
                0x000000000000fc6c       0x6c zephyr/subsys/bluetooth/host/libsubsys__bluetooth__host.a(att.c.obj)
 .text.bt_att_req_alloc
                0x000000000000fcd8       0x5c zephyr/subsys/bluetooth/host/libsubsys__bluetooth__host.a(att.c.obj)
                0x000000000000fcd8                bt_att_req_alloc
 .text.bt_att_req_free
                0x000000000000fd34       0x20 zephyr/subsys/bluetooth/host/libsubsys__bluetooth__host.a(att.c.obj)
                0x000000000000fd34                bt_att_req_free
 .text.att_handle_rsp
                0x000000000000fd54       0x84 zephyr/subsys/bluetooth/host/libsubsys__bluetooth__host.a(att.c.obj)
 .text.bt_att_disconnected
                0x000000000000fdd8       0xc0 zephyr/subsys/bluetooth/host/libsubsys__bluetooth__host.a(att.c.obj)
 .text.att_disconnect
                0x000000000000fe98       0x40 zephyr/subsys/bluetooth/host/libsubsys__bluetooth__host.a(att.c.obj)
 .text.att_timeout
                0x000000000000fed8       0x58 zephyr/subsys/bluetooth/host/libsubsys__bluetooth__host.a(att.c.obj)
 .text.bt_att_set_tx_meta_data
                0x000000000000ff30       0x24 zephyr/subsys/bluetooth/host/libsubsys__bluetooth__host.a(att.c.obj)
                0x000000000000ff30                bt_att_set_tx_meta_data
 .text.db_hash_update
                0x000000000000ff54       0x24 zephyr/subsys/bluetooth/host/libsubsys__bluetooth__host.a(gatt.c.obj)
 .text.find_cf_cfg
                0x000000000000ff78       0x30 zephyr/subsys/bluetooth/host/libsubsys__bluetooth__host.a(gatt.c.obj)
 .text.find_sc_cfg
                0x000000000000ffa8       0x24 zephyr/subsys/bluetooth/host/libsubsys__bluetooth__host.a(gatt.c.obj)
 .text.find_ccc_cfg
                0x000000000000ffcc       0x28 zephyr/subsys/bluetooth/host/libsubsys__bluetooth__host.a(gatt.c.obj)
 .text.bt_gatt_attr_write_ccc
                0x000000000000fff4       0xbc zephyr/subsys/bluetooth/host/libsubsys__bluetooth__host.a(gatt.c.obj)
                0x000000000000fff4                bt_gatt_attr_write_ccc
 .text.clear_cf_cfg
                0x00000000000100b0       0x28 zephyr/subsys/bluetooth/host/libsubsys__bluetooth__host.a(gatt.c.obj)
 .text.sc_save  0x00000000000100d8       0x60 zephyr/subsys/bluetooth/host/libsubsys__bluetooth__host.a(gatt.c.obj)
 .text.bt_gatt_attr_read.part.0
                0x0000000000010138       0x1c zephyr/subsys/bluetooth/host/libsubsys__bluetooth__host.a(gatt.c.obj)
 .text.read_ppcp
                0x0000000000010154       0x28 zephyr/subsys/bluetooth/host/libsubsys__bluetooth__host.a(gatt.c.obj)
 .text.disconnected_cb
                0x000000000001017c       0xa0 zephyr/subsys/bluetooth/host/libsubsys__bluetooth__host.a(gatt.c.obj)
 .text.cf_write
                0x000000000001021c       0x98 zephyr/subsys/bluetooth/host/libsubsys__bluetooth__host.a(gatt.c.obj)
 .text.sc_indicate_rsp
                0x00000000000102b4       0x4c zephyr/subsys/bluetooth/host/libsubsys__bluetooth__host.a(gatt.c.obj)
 .text.bt_gatt_init
                0x0000000000010300       0x78 zephyr/subsys/bluetooth/host/libsubsys__bluetooth__host.a(gatt.c.obj)
                0x0000000000010300                bt_gatt_init
 .text.bt_gatt_attr_get_handle
                0x0000000000010378       0x60 zephyr/subsys/bluetooth/host/libsubsys__bluetooth__host.a(gatt.c.obj)
                0x0000000000010378                bt_gatt_attr_get_handle
 .text.bt_gatt_foreach_attr_type
                0x00000000000103d8       0xb4 zephyr/subsys/bluetooth/host/libsubsys__bluetooth__host.a(gatt.c.obj)
                0x00000000000103d8                bt_gatt_foreach_attr_type
 .text.db_hash_gen
                0x000000000001048c       0xcc zephyr/subsys/bluetooth/host/libsubsys__bluetooth__host.a(gatt.c.obj)
 .text.db_hash_read
                0x0000000000010558       0x64 zephyr/subsys/bluetooth/host/libsubsys__bluetooth__host.a(gatt.c.obj)
 .text.db_hash_process
                0x00000000000105bc       0x14 zephyr/subsys/bluetooth/host/libsubsys__bluetooth__host.a(gatt.c.obj)
 .text.bt_gatt_attr_next
                0x00000000000105d0       0x24 zephyr/subsys/bluetooth/host/libsubsys__bluetooth__host.a(gatt.c.obj)
                0x00000000000105d0                bt_gatt_attr_next
 .text.bt_gatt_is_subscribed
                0x00000000000105f4      0x17c zephyr/subsys/bluetooth/host/libsubsys__bluetooth__host.a(gatt.c.obj)
                0x00000000000105f4                bt_gatt_is_subscribed
 .text.gatt_indicate
                0x0000000000010770       0xcc zephyr/subsys/bluetooth/host/libsubsys__bluetooth__host.a(gatt.c.obj)
 .text.bt_gatt_indicate
                0x000000000001083c       0xf0 zephyr/subsys/bluetooth/host/libsubsys__bluetooth__host.a(gatt.c.obj)
                0x000000000001083c                bt_gatt_indicate
 .text.sc_process
                0x000000000001092c       0x60 zephyr/subsys/bluetooth/host/libsubsys__bluetooth__host.a(gatt.c.obj)
 .text.update_ccc
                0x000000000001098c       0xf4 zephyr/subsys/bluetooth/host/libsubsys__bluetooth__host.a(gatt.c.obj)
 .text.gatt_notify
                0x0000000000010a80       0x98 zephyr/subsys/bluetooth/host/libsubsys__bluetooth__host.a(gatt.c.obj)
 .text.bt_gatt_notify_cb
                0x0000000000010b18       0xe8 zephyr/subsys/bluetooth/host/libsubsys__bluetooth__host.a(gatt.c.obj)
                0x0000000000010b18                bt_gatt_notify_cb
 .text.notify_cb
                0x0000000000010c00      0x110 zephyr/subsys/bluetooth/host/libsubsys__bluetooth__host.a(gatt.c.obj)
 .text.bt_gatt_connected
                0x0000000000010d10       0x20 zephyr/subsys/bluetooth/host/libsubsys__bluetooth__host.a(gatt.c.obj)
                0x0000000000010d10                bt_gatt_connected
 .text.bt_gatt_att_max_mtu_changed
                0x0000000000010d30       0x28 zephyr/subsys/bluetooth/host/libsubsys__bluetooth__host.a(gatt.c.obj)
                0x0000000000010d30                bt_gatt_att_max_mtu_changed
 .text.bt_gatt_disconnected
                0x0000000000010d58       0x48 zephyr/subsys/bluetooth/host/libsubsys__bluetooth__host.a(gatt.c.obj)
                0x0000000000010d58                bt_gatt_disconnected
 .text.bt_smp_accept.part.0
                0x0000000000010da0       0x30 zephyr/subsys/bluetooth/host/libsubsys__bluetooth__host.a(smp_null.c.obj)
 .text.bt_smp_accept
                0x0000000000010dd0       0x1c zephyr/subsys/bluetooth/host/libsubsys__bluetooth__host.a(smp_null.c.obj)
 .text.adc_gain_invert
                0x0000000000010dec       0x2c zephyr/drivers/adc/libdrivers__adc.a(adc_common.c.obj)
                0x0000000000010dec                adc_gain_invert
 .text.adc_context_start_sampling.part.0.constprop.0
                0x0000000000010e18       0x3c zephyr/drivers/adc/libdrivers__adc.a(adc_nrfx_saadc.c.obj)
 .text.adc_context_start_sampling.constprop.0
                0x0000000000010e54       0x1c zephyr/drivers/adc/libdrivers__adc.a(adc_nrfx_saadc.c.obj)
 .text.adc_context_on_timer_expired
                0x0000000000010e70       0x24 zephyr/drivers/adc/libdrivers__adc.a(adc_nrfx_saadc.c.obj)
 .text.init_saadc.part.0.isra.0
                0x0000000000010e94       0x3c zephyr/drivers/adc/libdrivers__adc.a(adc_nrfx_saadc.c.obj)
 .text.init_saadc
                0x0000000000010ed0       0x50 zephyr/drivers/adc/libdrivers__adc.a(adc_nrfx_saadc.c.obj)
 .text.event_handler
                0x0000000000010f20      0x17c zephyr/drivers/adc/libdrivers__adc.a(adc_nrfx_saadc.c.obj)
 .text.adc_nrfx_channel_setup
                0x000000000001109c      0x190 zephyr/drivers/adc/libdrivers__adc.a(adc_nrfx_saadc.c.obj)
 .text.adc_nrfx_read
                0x000000000001122c      0x24c zephyr/drivers/adc/libdrivers__adc.a(adc_nrfx_saadc.c.obj)
 .text.bt_ipc_send
                0x0000000000011478       0x4c zephyr/drivers/bluetooth/libdrivers__bluetooth.a(ipc.c.obj)
 .text.hci_ept_recv
                0x00000000000114c4      0x210 zephyr/drivers/bluetooth/libdrivers__bluetooth.a(ipc.c.obj)
 .text.bt_ipc_open
                0x00000000000116d4       0x7c zephyr/drivers/bluetooth/libdrivers__bluetooth.a(ipc.c.obj)
 .text.bt_ipc_close
                0x0000000000011750       0x50 zephyr/drivers/bluetooth/libdrivers__bluetooth.a(ipc.c.obj)
 .text.onoff_stop
                0x00000000000117a0       0x30 zephyr/drivers/clock_control/libdrivers__clock_control.a(clock_control_nrf.c.obj)
 .text.onoff_start
                0x00000000000117d0       0x44 zephyr/drivers/clock_control/libdrivers__clock_control.a(clock_control_nrf.c.obj)
 .text.generic_hfclk_stop
                0x0000000000011814       0x34 zephyr/drivers/clock_control/libdrivers__clock_control.a(clock_control_nrf.c.obj)
 .text.clk_init
                0x0000000000011848       0x64 zephyr/drivers/clock_control/libdrivers__clock_control.a(clock_control_nrf.c.obj)
 .text.api_blocking_start
                0x00000000000118ac       0x3c zephyr/drivers/clock_control/libdrivers__clock_control.a(clock_control_nrf.c.obj)
 .text.clkstarted_handle.constprop.0
                0x00000000000118e8       0x4c zephyr/drivers/clock_control/libdrivers__clock_control.a(clock_control_nrf.c.obj)
 .text.generic_hfclk_start
                0x0000000000011934       0x7c zephyr/drivers/clock_control/libdrivers__clock_control.a(clock_control_nrf.c.obj)
 .text.clock_event_handler
                0x00000000000119b0       0x34 zephyr/drivers/clock_control/libdrivers__clock_control.a(clock_control_nrf.c.obj)
 .text.z_nrf_clock_control_lf_on
                0x00000000000119e4       0xf4 zephyr/drivers/clock_control/libdrivers__clock_control.a(clock_control_nrf.c.obj)
                0x00000000000119e4                z_nrf_clock_control_lf_on
 .text.uart_console_init
                0x0000000000011ad8       0x28 zephyr/drivers/console/libdrivers__console.a(uart_console.c.obj)
 .text.console_out
                0x0000000000011b00       0x28 zephyr/drivers/console/libdrivers__console.a(uart_console.c.obj)
 .text.gpio_nrfx_pin_interrupt_configure
                0x0000000000011b28      0x120 zephyr/drivers/gpio/libdrivers__gpio.a(gpio_nrfx.c.obj)
 .text.nrfx_gpio_handler
                0x0000000000011c48       0x4c zephyr/drivers/gpio/libdrivers__gpio.a(gpio_nrfx.c.obj)
 .text.gpio_nrfx_init
                0x0000000000011c94       0x48 zephyr/drivers/gpio/libdrivers__gpio.a(gpio_nrfx.c.obj)
 .text.gpio_nrfx_pin_configure
                0x0000000000011cdc      0x18c zephyr/drivers/gpio/libdrivers__gpio.a(gpio_nrfx.c.obj)
 .text.mbox_nrf_init
                0x0000000000011e68       0x9c zephyr/drivers/mbox/libdrivers__mbox.a(mbox_nrfx_ipc.c.obj)
 .text.mbox_nrf_set_enabled
                0x0000000000011f04       0x94 zephyr/drivers/mbox/libdrivers__mbox.a(mbox_nrfx_ipc.c.obj)
 .text.mbox_nrf_send
                0x0000000000011f98       0x44 zephyr/drivers/mbox/libdrivers__mbox.a(mbox_nrfx_ipc.c.obj)
 .text.mbox_dispatcher
                0x0000000000011fdc       0x60 zephyr/drivers/mbox/libdrivers__mbox.a(mbox_nrfx_ipc.c.obj)
 .text.nrf_gpio_pin_port_decode
                0x000000000001203c       0x24 zephyr/drivers/pinctrl/libdrivers__pinctrl.a(pinctrl_nrf.c.obj)
 .text.pinctrl_configure_pins
                0x0000000000012060      0x1a0 zephyr/drivers/pinctrl/libdrivers__pinctrl.a(pinctrl_nrf.c.obj)
                0x0000000000012060                pinctrl_configure_pins
 .text.uarte_nrfx_poll_out
                0x0000000000012200       0xb4 zephyr/drivers/serial/libdrivers__serial.a(uart_nrfx_uarte.c.obj)
 .text.uarte_0_init
                0x00000000000122b4      0x11c zephyr/drivers/serial/libdrivers__serial.a(uart_nrfx_uarte.c.obj)
 .text.compare_int_lock
                0x00000000000123d0       0x40 zephyr/drivers/timer/libdrivers__timer.a(nrf_rtc_timer.c.obj)
 .text.sys_clock_timeout_handler
                0x0000000000012410       0x48 zephyr/drivers/timer/libdrivers__timer.a(nrf_rtc_timer.c.obj)
 .text.compare_int_unlock
                0x0000000000012458       0x4c zephyr/drivers/timer/libdrivers__timer.a(nrf_rtc_timer.c.obj)
 .text.z_nrf_rtc_timer_read
                0x00000000000124a4       0x44 zephyr/drivers/timer/libdrivers__timer.a(nrf_rtc_timer.c.obj)
                0x00000000000124a4                z_nrf_rtc_timer_read
 .text.compare_set
                0x00000000000124e8      0x124 zephyr/drivers/timer/libdrivers__timer.a(nrf_rtc_timer.c.obj)
 .text.sys_clock_driver_init
                0x000000000001260c       0x90 zephyr/drivers/timer/libdrivers__timer.a(nrf_rtc_timer.c.obj)
 .text.rtc_nrf_isr
                0x000000000001269c       0xd0 zephyr/drivers/timer/libdrivers__timer.a(nrf_rtc_timer.c.obj)
                0x000000000001269c                rtc_nrf_isr
 .text.sys_clock_set_timeout
                0x000000000001276c       0x5c zephyr/drivers/timer/libdrivers__timer.a(nrf_rtc_timer.c.obj)
                0x000000000001276c                sys_clock_set_timeout
 .text.sys_clock_elapsed
                0x00000000000127c8       0x14 zephyr/drivers/timer/libdrivers__timer.a(nrf_rtc_timer.c.obj)
                0x00000000000127c8                sys_clock_elapsed
 .text.dk_set_led.part.0
                0x00000000000127dc       0x18 modules/nrf/lib/dk_buttons_and_leds/lib..__nrf__lib__dk_buttons_and_leds.a(dk_buttons_and_leds.c.obj)
 .text.get_buttons.part.0
                0x00000000000127f4       0x18 modules/nrf/lib/dk_buttons_and_leds/lib..__nrf__lib__dk_buttons_and_leds.a(dk_buttons_and_leds.c.obj)
 .text.get_buttons
                0x000000000001280c       0x5c modules/nrf/lib/dk_buttons_and_leds/lib..__nrf__lib__dk_buttons_and_leds.a(dk_buttons_and_leds.c.obj)
 .text.dk_set_leds_state.part.0
                0x0000000000012868       0x58 modules/nrf/lib/dk_buttons_and_leds/lib..__nrf__lib__dk_buttons_and_leds.a(dk_buttons_and_leds.c.obj)
 .text.callback_ctrl
                0x00000000000128c0       0xa4 modules/nrf/lib/dk_buttons_and_leds/lib..__nrf__lib__dk_buttons_and_leds.a(dk_buttons_and_leds.c.obj)
 .text.button_pressed
                0x0000000000012964       0x6c modules/nrf/lib/dk_buttons_and_leds/lib..__nrf__lib__dk_buttons_and_leds.a(dk_buttons_and_leds.c.obj)
 .text.buttons_scan_fn
                0x00000000000129d0      0x104 modules/nrf/lib/dk_buttons_and_leds/lib..__nrf__lib__dk_buttons_and_leds.a(dk_buttons_and_leds.c.obj)
 .text.dk_leds_init
                0x0000000000012ad4       0x40 modules/nrf/lib/dk_buttons_and_leds/lib..__nrf__lib__dk_buttons_and_leds.a(dk_buttons_and_leds.c.obj)
                0x0000000000012ad4                dk_leds_init
 .text.dk_read_buttons
                0x0000000000012b14       0x20 modules/nrf/lib/dk_buttons_and_leds/lib..__nrf__lib__dk_buttons_and_leds.a(dk_buttons_and_leds.c.obj)
                0x0000000000012b14                dk_read_buttons
 .text.dk_buttons_init
                0x0000000000012b34      0x11c modules/nrf/lib/dk_buttons_and_leds/lib..__nrf__lib__dk_buttons_and_leds.a(dk_buttons_and_leds.c.obj)
                0x0000000000012b34                dk_buttons_init
 .text.dk_set_led
                0x0000000000012c50       0x3c modules/nrf/lib/dk_buttons_and_leds/lib..__nrf__lib__dk_buttons_and_leds.a(dk_buttons_and_leds.c.obj)
                0x0000000000012c50                dk_set_led
 .text.mbedtls_platform_set_calloc_free
                0x0000000000012c8c       0x14 modules/nrf/subsys/nrf_security/src/zephyr/libmbedtls_zephyr.a(platform.c.obj)
                0x0000000000012c8c                mbedtls_platform_set_calloc_free
 .text._heap_init
                0x0000000000012ca0       0x10 modules/nrf/subsys/nrf_security/src/zephyr/libmbedtls_zephyr.a(mbedtls_heap.c.obj)
                0x0000000000012ca0                _heap_init
 .text.ns_fault_init
                0x0000000000012cb0       0x30 modules/nrf/modules/trusted-firmware-m/lib..__nrf__modules__trusted-firmware-m.a(fault.c.obj)
 .text.arm_fault
                0x0000000000012ce0      0x24c modules/nrf/modules/trusted-firmware-m/lib..__nrf__modules__trusted-firmware-m.a(fault.c.obj)
                0x0000000000012ce0                arm_fault
 .text.tfm_ns_fault_handler_callback
                0x0000000000012f2c       0x48 modules/nrf/modules/trusted-firmware-m/lib..__nrf__modules__trusted-firmware-m.a(fault.c.obj)
                0x0000000000012f2c                tfm_ns_fault_handler_callback
 .text.tfm_ns_interface_dispatch
                0x0000000000012f74       0x64 modules/trusted-firmware-m/libtfm_api.a(interface.c.obj)
                0x0000000000012f74                tfm_ns_interface_dispatch
 .text.tfm_platform_ioctl
                0x0000000000012fd8       0x4c modules/trusted-firmware-m/libtfm_api.a(tfm_platform_api.c.obj)
                0x0000000000012fd8                tfm_platform_ioctl
 .text.psa_import_key
                0x0000000000013024       0x58 modules/trusted-firmware-m/libtfm_api.a(tfm_crypto_api.c.obj)
                0x0000000000013024                psa_import_key
 .text.psa_destroy_key
                0x000000000001307c       0x3c modules/trusted-firmware-m/libtfm_api.a(tfm_crypto_api.c.obj)
                0x000000000001307c                psa_destroy_key
 .text.psa_mac_sign_setup
                0x00000000000130b8       0x4c modules/trusted-firmware-m/libtfm_api.a(tfm_crypto_api.c.obj)
                0x00000000000130b8                psa_mac_sign_setup
 .text.psa_mac_update
                0x0000000000013104       0x44 modules/trusted-firmware-m/libtfm_api.a(tfm_crypto_api.c.obj)
                0x0000000000013104                psa_mac_update
 .text.psa_mac_sign_finish
                0x0000000000013148       0x5c modules/trusted-firmware-m/libtfm_api.a(tfm_crypto_api.c.obj)
                0x0000000000013148                psa_mac_sign_finish
 .text.psa_generate_random
                0x00000000000131a4       0x48 modules/trusted-firmware-m/libtfm_api.a(tfm_crypto_api.c.obj)
                0x00000000000131a4                psa_generate_random
 .text.psa_call
                0x00000000000131ec       0x34 modules/trusted-firmware-m/libtfm_api.a(tfm_tz_psa_ns_api.c.obj)
                0x00000000000131ec                psa_call
 .text.nrfx_flag32_alloc
                0x0000000000013220       0x40 modules/hal_nordic/modules/hal_nordic/nrfx/libmodules__hal_nordic__nrfx.a(nrfx_flag32_allocator.c.obj)
                0x0000000000013220                nrfx_flag32_alloc
 .text.nrfx_flag32_free
                0x0000000000013260       0x38 modules/hal_nordic/modules/hal_nordic/nrfx/libmodules__hal_nordic__nrfx.a(nrfx_flag32_allocator.c.obj)
                0x0000000000013260                nrfx_flag32_free
 .text.nrfx_gppi_channels_enable
                0x0000000000013298        0xc modules/hal_nordic/modules/hal_nordic/nrfx/libmodules__hal_nordic__nrfx.a(nrfx_gppi_dppi.c.obj)
                0x0000000000013298                nrfx_gppi_channels_enable
 .text.nrfx_gppi_channel_alloc
                0x00000000000132a4        0xc modules/hal_nordic/modules/hal_nordic/nrfx/libmodules__hal_nordic__nrfx.a(nrfx_gppi_dppi.c.obj)
                0x00000000000132a4                nrfx_gppi_channel_alloc
 .text.clock_stop
                0x00000000000132b0       0xfc modules/hal_nordic/modules/hal_nordic/nrfx/libmodules__hal_nordic__nrfx.a(nrfx_clock.c.obj)
 .text.nrfx_clock_init
                0x00000000000133ac       0x20 modules/hal_nordic/modules/hal_nordic/nrfx/libmodules__hal_nordic__nrfx.a(nrfx_clock.c.obj)
                0x00000000000133ac                nrfx_clock_init
 .text.nrfx_clock_enable
                0x00000000000133cc       0x30 modules/hal_nordic/modules/hal_nordic/nrfx/libmodules__hal_nordic__nrfx.a(nrfx_clock.c.obj)
                0x00000000000133cc                nrfx_clock_enable
 .text.nrfx_clock_start
                0x00000000000133fc       0xd8 modules/hal_nordic/modules/hal_nordic/nrfx/libmodules__hal_nordic__nrfx.a(nrfx_clock.c.obj)
                0x00000000000133fc                nrfx_clock_start
 .text.nrfx_power_clock_irq_handler
                0x00000000000134d4       0x74 modules/hal_nordic/modules/hal_nordic/nrfx/libmodules__hal_nordic__nrfx.a(nrfx_clock.c.obj)
                0x00000000000134d4                nrfx_power_clock_irq_handler
 .text.nrfx_dppi_channel_alloc
                0x0000000000013548       0x10 modules/hal_nordic/modules/hal_nordic/nrfx/libmodules__hal_nordic__nrfx.a(nrfx_dppi.c.obj)
                0x0000000000013548                nrfx_dppi_channel_alloc
 .text.nrf_gpio_pin_port_decode
                0x0000000000013558       0x24 modules/hal_nordic/modules/hal_nordic/nrfx/libmodules__hal_nordic__nrfx.a(nrfx_gpiote.c.obj)
 .text.get_pin_idx
                0x000000000001357c       0x14 modules/hal_nordic/modules/hal_nordic/nrfx/libmodules__hal_nordic__nrfx.a(nrfx_gpiote.c.obj)
 .text.call_handler.constprop.0
                0x0000000000013590       0x40 modules/hal_nordic/modules/hal_nordic/nrfx/libmodules__hal_nordic__nrfx.a(nrfx_gpiote.c.obj)
 .text.pin_te_get.constprop.0
                0x00000000000135d0       0x18 modules/hal_nordic/modules/hal_nordic/nrfx/libmodules__hal_nordic__nrfx.a(nrfx_gpiote.c.obj)
 .text.pin_is_output.constprop.0
                0x00000000000135e8       0x18 modules/hal_nordic/modules/hal_nordic/nrfx/libmodules__hal_nordic__nrfx.a(nrfx_gpiote.c.obj)
 .text.pin_in_use_by_te.constprop.0
                0x0000000000013600       0x18 modules/hal_nordic/modules/hal_nordic/nrfx/libmodules__hal_nordic__nrfx.a(nrfx_gpiote.c.obj)
 .text.latch_pending_read_and_check
                0x0000000000013618       0x3c modules/hal_nordic/modules/hal_nordic/nrfx/libmodules__hal_nordic__nrfx.a(nrfx_gpiote.c.obj)
 .text.release_handler.isra.0
                0x0000000000013654       0x58 modules/hal_nordic/modules/hal_nordic/nrfx/libmodules__hal_nordic__nrfx.a(nrfx_gpiote.c.obj)
 .text.__nrfy_internal_gpiote_events_process.constprop.0
                0x00000000000136ac       0x64 modules/hal_nordic/modules/hal_nordic/nrfx/libmodules__hal_nordic__nrfx.a(nrfx_gpiote.c.obj)
 .text.pin_uninit
                0x0000000000013710       0x84 modules/hal_nordic/modules/hal_nordic/nrfx/libmodules__hal_nordic__nrfx.a(nrfx_gpiote.c.obj)
 .text.nrfx_gpiote_input_configure
                0x0000000000013794      0x180 modules/hal_nordic/modules/hal_nordic/nrfx/libmodules__hal_nordic__nrfx.a(nrfx_gpiote.c.obj)
                0x0000000000013794                nrfx_gpiote_input_configure
 .text.nrfx_gpiote_output_configure
                0x0000000000013914      0x104 modules/hal_nordic/modules/hal_nordic/nrfx/libmodules__hal_nordic__nrfx.a(nrfx_gpiote.c.obj)
                0x0000000000013914                nrfx_gpiote_output_configure
 .text.nrfx_gpiote_global_callback_set
                0x0000000000013a18        0xc modules/hal_nordic/modules/hal_nordic/nrfx/libmodules__hal_nordic__nrfx.a(nrfx_gpiote.c.obj)
                0x0000000000013a18                nrfx_gpiote_global_callback_set
 .text.nrfx_gpiote_channel_get
                0x0000000000013a24       0x34 modules/hal_nordic/modules/hal_nordic/nrfx/libmodules__hal_nordic__nrfx.a(nrfx_gpiote.c.obj)
                0x0000000000013a24                nrfx_gpiote_channel_get
 .text.nrfx_gpiote_init
                0x0000000000013a58       0x48 modules/hal_nordic/modules/hal_nordic/nrfx/libmodules__hal_nordic__nrfx.a(nrfx_gpiote.c.obj)
                0x0000000000013a58                nrfx_gpiote_init
 .text.nrfx_gpiote_init_check
                0x0000000000013aa0       0x14 modules/hal_nordic/modules/hal_nordic/nrfx/libmodules__hal_nordic__nrfx.a(nrfx_gpiote.c.obj)
                0x0000000000013aa0                nrfx_gpiote_init_check
 .text.nrfx_gpiote_channel_free
                0x0000000000013ab4       0x10 modules/hal_nordic/modules/hal_nordic/nrfx/libmodules__hal_nordic__nrfx.a(nrfx_gpiote.c.obj)
                0x0000000000013ab4                nrfx_gpiote_channel_free
 .text.nrfx_gpiote_channel_alloc
                0x0000000000013ac4       0x10 modules/hal_nordic/modules/hal_nordic/nrfx/libmodules__hal_nordic__nrfx.a(nrfx_gpiote.c.obj)
                0x0000000000013ac4                nrfx_gpiote_channel_alloc
 .text.nrfx_gpiote_trigger_enable
                0x0000000000013ad4       0xa8 modules/hal_nordic/modules/hal_nordic/nrfx/libmodules__hal_nordic__nrfx.a(nrfx_gpiote.c.obj)
                0x0000000000013ad4                nrfx_gpiote_trigger_enable
 .text.nrfx_gpiote_1_irq_handler
                0x0000000000013b7c      0x1a8 modules/hal_nordic/modules/hal_nordic/nrfx/libmodules__hal_nordic__nrfx.a(nrfx_gpiote.c.obj)
                0x0000000000013b7c                nrfx_gpiote_1_irq_handler
 .text.nrfx_ipc_init
                0x0000000000013d24       0x30 modules/hal_nordic/modules/hal_nordic/nrfx/libmodules__hal_nordic__nrfx.a(nrfx_ipc.c.obj)
                0x0000000000013d24                nrfx_ipc_init
 .text.nrfx_ipc_config_load
                0x0000000000013d54       0x40 modules/hal_nordic/modules/hal_nordic/nrfx/libmodules__hal_nordic__nrfx.a(nrfx_ipc.c.obj)
                0x0000000000013d54                nrfx_ipc_config_load
 .text.nrfx_ipc_receive_event_enable
                0x0000000000013d94       0x10 modules/hal_nordic/modules/hal_nordic/nrfx/libmodules__hal_nordic__nrfx.a(nrfx_ipc.c.obj)
                0x0000000000013d94                nrfx_ipc_receive_event_enable
 .text.nrfx_ipc_receive_event_disable
                0x0000000000013da4       0x10 modules/hal_nordic/modules/hal_nordic/nrfx/libmodules__hal_nordic__nrfx.a(nrfx_ipc.c.obj)
                0x0000000000013da4                nrfx_ipc_receive_event_disable
 .text.nrfx_ipc_irq_handler
                0x0000000000013db4       0x40 modules/hal_nordic/modules/hal_nordic/nrfx/libmodules__hal_nordic__nrfx.a(nrfx_ipc.c.obj)
                0x0000000000013db4                nrfx_ipc_irq_handler
 .text.saadc_channel_count_get
                0x0000000000013df4       0x38 modules/hal_nordic/modules/hal_nordic/nrfx/libmodules__hal_nordic__nrfx.a(nrfx_saadc.c.obj)
 .text.saadc_busy_check
                0x0000000000013e2c       0x1c modules/hal_nordic/modules/hal_nordic/nrfx/libmodules__hal_nordic__nrfx.a(nrfx_saadc.c.obj)
 .text.saadc_pre_calibration_state_restore
                0x0000000000013e48       0x64 modules/hal_nordic/modules/hal_nordic/nrfx/libmodules__hal_nordic__nrfx.a(nrfx_saadc.c.obj)
 .text.saadc_channels_deconfig
                0x0000000000013eac       0x3c modules/hal_nordic/modules/hal_nordic/nrfx/libmodules__hal_nordic__nrfx.a(nrfx_saadc.c.obj)
 .text.__nrfy_internal_saadc_events_process.constprop.0
                0x0000000000013ee8       0x8c modules/hal_nordic/modules/hal_nordic/nrfx/libmodules__hal_nordic__nrfx.a(nrfx_saadc.c.obj)
 .text.saadc_channel_config
                0x0000000000013f74       0x7c modules/hal_nordic/modules/hal_nordic/nrfx/libmodules__hal_nordic__nrfx.a(nrfx_saadc.c.obj)
 .text.saadc_generic_mode_set
                0x0000000000013ff0       0xc0 modules/hal_nordic/modules/hal_nordic/nrfx/libmodules__hal_nordic__nrfx.a(nrfx_saadc.c.obj)
 .text.nrfx_saadc_init
                0x00000000000140b0       0x94 modules/hal_nordic/modules/hal_nordic/nrfx/libmodules__hal_nordic__nrfx.a(nrfx_saadc.c.obj)
                0x00000000000140b0                nrfx_saadc_init
 .text.nrfx_saadc_channel_config
                0x0000000000014144       0x20 modules/hal_nordic/modules/hal_nordic/nrfx/libmodules__hal_nordic__nrfx.a(nrfx_saadc.c.obj)
                0x0000000000014144                nrfx_saadc_channel_config
 .text.nrfx_saadc_channels_configured_get
                0x0000000000014164        0xc modules/hal_nordic/modules/hal_nordic/nrfx/libmodules__hal_nordic__nrfx.a(nrfx_saadc.c.obj)
                0x0000000000014164                nrfx_saadc_channels_configured_get
 .text.nrfx_saadc_simple_mode_set
                0x0000000000014170       0x60 modules/hal_nordic/modules/hal_nordic/nrfx/libmodules__hal_nordic__nrfx.a(nrfx_saadc.c.obj)
                0x0000000000014170                nrfx_saadc_simple_mode_set
 .text.nrfx_saadc_advanced_mode_set
                0x00000000000141d0       0xb4 modules/hal_nordic/modules/hal_nordic/nrfx/libmodules__hal_nordic__nrfx.a(nrfx_saadc.c.obj)
                0x00000000000141d0                nrfx_saadc_advanced_mode_set
 .text.nrfx_saadc_buffer_set
                0x0000000000014284       0x8c modules/hal_nordic/modules/hal_nordic/nrfx/libmodules__hal_nordic__nrfx.a(nrfx_saadc.c.obj)
                0x0000000000014284                nrfx_saadc_buffer_set
 .text.nrfx_saadc_mode_trigger
                0x0000000000014310      0x160 modules/hal_nordic/modules/hal_nordic/nrfx/libmodules__hal_nordic__nrfx.a(nrfx_saadc.c.obj)
                0x0000000000014310                nrfx_saadc_mode_trigger
 .text.nrfx_saadc_offset_calibrate
                0x0000000000014470       0xc8 modules/hal_nordic/modules/hal_nordic/nrfx/libmodules__hal_nordic__nrfx.a(nrfx_saadc.c.obj)
                0x0000000000014470                nrfx_saadc_offset_calibrate
 .text.nrfx_saadc_irq_handler
                0x0000000000014538      0x1a0 modules/hal_nordic/modules/hal_nordic/nrfx/libmodules__hal_nordic__nrfx.a(nrfx_saadc.c.obj)
                0x0000000000014538                nrfx_saadc_irq_handler
 .text.metal_generic_dev_open
                0x00000000000146d8       0x40 modules/libmetal/libmetal/lib/libmetal.a(device.c.obj)
                0x00000000000146d8                metal_generic_dev_open
 .text.metal_bus_unregister
                0x0000000000014718       0x3c modules/libmetal/libmetal/lib/libmetal.a(device.c.obj)
                0x0000000000014718                metal_bus_unregister
 .text.metal_bus_find
                0x0000000000014754       0x3c modules/libmetal/libmetal/lib/libmetal.a(device.c.obj)
                0x0000000000014754                metal_bus_find
 .text.metal_bus_register
                0x0000000000014790       0x5c modules/libmetal/libmetal/lib/libmetal.a(device.c.obj)
                0x0000000000014790                metal_bus_register
 .text.metal_init
                0x00000000000147ec       0x4c modules/libmetal/libmetal/lib/libmetal.a(init.c.obj)
                0x00000000000147ec                metal_init
 .text.metal_finish
                0x0000000000014838       0x24 modules/libmetal/libmetal/lib/libmetal.a(init.c.obj)
                0x0000000000014838                metal_finish
 .text.metal_sys_init
                0x000000000001485c       0x10 modules/libmetal/libmetal/lib/libmetal.a(init.c.obj)
                0x000000000001485c                metal_sys_init
 .text.metal_sys_finish
                0x000000000001486c        0xc modules/libmetal/libmetal/lib/libmetal.a(init.c.obj)
                0x000000000001486c                metal_sys_finish
 .text.metal_zephyr_log_handler
                0x0000000000014878       0x3c modules/libmetal/libmetal/lib/libmetal.a(log.c.obj)
                0x0000000000014878                metal_zephyr_log_handler
 .text.virtio_create_virtqueues
                0x00000000000148b4       0xbc modules/open-amp/open-amp/lib/libopen_amp.a(virtio.c.obj)
                0x00000000000148b4                virtio_create_virtqueues
 .text.virtqueue_free
                0x0000000000014970       0x38 modules/open-amp/open-amp/lib/libopen_amp.a(virtqueue.c.obj)
                0x0000000000014970                virtqueue_free
 .text.virtqueue_add_consumed_buffer
                0x00000000000149a8       0x38 modules/open-amp/open-amp/lib/libopen_amp.a(virtqueue.c.obj)
                0x00000000000149a8                virtqueue_add_consumed_buffer
 .text.rpmsg_send_offchannel_raw
                0x00000000000149e0       0x2c modules/open-amp/open-amp/lib/libopen_amp.a(rpmsg.c.obj)
                0x00000000000149e0                rpmsg_send_offchannel_raw
 .text.rpmsg_send_offchannel_nocopy
                0x0000000000014a0c       0x2c modules/open-amp/open-amp/lib/libopen_amp.a(rpmsg.c.obj)
                0x0000000000014a0c                rpmsg_send_offchannel_nocopy
 .text.rpmsg_create_ept
                0x0000000000014a38      0x114 modules/open-amp/open-amp/lib/libopen_amp.a(rpmsg.c.obj)
                0x0000000000014a38                rpmsg_create_ept
 .text.rpmsg_virtio_buf_held_dec_test
                0x0000000000014b4c       0x38 modules/open-amp/open-amp/lib/libopen_amp.a(rpmsg_virtio.c.obj)
 .text.rpmsg_virtio_get_tx_buffer_size
                0x0000000000014b84       0x4c modules/open-amp/open-amp/lib/libopen_amp.a(rpmsg_virtio.c.obj)
                0x0000000000014b84                rpmsg_virtio_get_tx_buffer_size
 .text.rpmsg_virtio_get_rx_buffer_size
                0x0000000000014bd0       0x4c modules/open-amp/open-amp/lib/libopen_amp.a(rpmsg_virtio.c.obj)
                0x0000000000014bd0                rpmsg_virtio_get_rx_buffer_size
 .text.rpmsg_virtio_send_offchannel_raw
                0x0000000000014c1c       0x5c modules/open-amp/open-amp/lib/libopen_amp.a(rpmsg_virtio.c.obj)
 .text.rpmsg_init_vdev_with_config
                0x0000000000014c78      0x2a0 modules/open-amp/open-amp/lib/libopen_amp.a(rpmsg_virtio.c.obj)
                0x0000000000014c78                rpmsg_init_vdev_with_config
 .text.rpmsg_init_vdev
                0x0000000000014f18       0x2c modules/open-amp/open-amp/lib/libopen_amp.a(rpmsg_virtio.c.obj)
                0x0000000000014f18                rpmsg_init_vdev
 .text.k_sys_fatal_error_handler
                0x0000000000014f44       0x20 zephyr/kernel/libkernel.a(fatal.c.obj)
                0x0000000000014f44                k_sys_fatal_error_handler
 .text.z_fatal_error
                0x0000000000014f64       0xe8 zephyr/kernel/libkernel.a(fatal.c.obj)
                0x0000000000014f64                z_fatal_error
 .text.z_sys_init_run_level
                0x000000000001504c       0x30 zephyr/kernel/libkernel.a(init.c.obj)
 .text.bg_thread_main
                0x000000000001507c       0xc4 zephyr/kernel/libkernel.a(init.c.obj)
 .text.z_bss_zero
                0x0000000000015140       0x18 zephyr/kernel/libkernel.a(init.c.obj)
                0x0000000000015140                z_bss_zero
 .text.z_init_cpu
                0x0000000000015158       0x68 zephyr/kernel/libkernel.a(init.c.obj)
                0x0000000000015158                z_init_cpu
 .text.z_cstart
                0x00000000000151c0       0xd8 zephyr/kernel/libkernel.a(init.c.obj)
                0x00000000000151c0                z_cstart
 .text.statics_init
                0x0000000000015298       0x24 zephyr/kernel/libkernel.a(kheap.c.obj)
 .text.init_mem_slab_obj_core_list
                0x00000000000152bc       0x24 zephyr/kernel/libkernel.a(mem_slab.c.obj)
 .text.k_mem_slab_alloc
                0x00000000000152e0       0x5c zephyr/kernel/libkernel.a(mem_slab.c.obj)
                0x00000000000152e0                k_mem_slab_alloc
 .text.z_impl_k_mutex_lock
                0x000000000001533c       0xf0 zephyr/kernel/libkernel.a(mutex.c.obj)
                0x000000000001533c                z_impl_k_mutex_lock
 .text.z_impl_k_mutex_unlock
                0x000000000001542c       0xa0 zephyr/kernel/libkernel.a(mutex.c.obj)
                0x000000000001542c                z_impl_k_mutex_unlock
 .text.z_impl_k_queue_get
                0x00000000000154cc       0x64 zephyr/kernel/libkernel.a(queue.c.obj)
                0x00000000000154cc                z_impl_k_queue_get
 .text.z_impl_k_sem_give
                0x0000000000015530       0x74 zephyr/kernel/libkernel.a(sem.c.obj)
                0x0000000000015530                z_impl_k_sem_give
 .text.z_impl_k_sem_take
                0x00000000000155a4       0x4c zephyr/kernel/libkernel.a(sem.c.obj)
                0x00000000000155a4                z_impl_k_sem_take
 .text.k_sys_work_q_init
                0x00000000000155f0       0x2c zephyr/kernel/libkernel.a(system_work_q.c.obj)
 .text.work_queue_main
                0x000000000001561c      0x14c zephyr/kernel/libkernel.a(work.c.obj)
 .text.cancel_sync_locked
                0x0000000000015768       0x3c zephyr/kernel/libkernel.a(work.c.obj)
 .text.submit_to_queue_locked
                0x00000000000157a4       0xb8 zephyr/kernel/libkernel.a(work.c.obj)
 .text.work_flush_locked
                0x000000000001585c       0x78 zephyr/kernel/libkernel.a(work.c.obj)
 .text.k_work_submit
                0x00000000000158d4        0xc zephyr/kernel/libkernel.a(work.c.obj)
                0x00000000000158d4                k_work_submit
 .text.k_work_queue_start
                0x00000000000158e0       0x80 zephyr/kernel/libkernel.a(work.c.obj)
                0x00000000000158e0                k_work_queue_start
 .text.k_work_queue_drain
                0x0000000000015960       0x78 zephyr/kernel/libkernel.a(work.c.obj)
                0x0000000000015960                k_work_queue_drain
 .text.k_work_schedule_for_queue
                0x00000000000159d8       0x54 zephyr/kernel/libkernel.a(work.c.obj)
                0x00000000000159d8                k_work_schedule_for_queue
 .text.k_work_schedule
                0x0000000000015a2c        0xc zephyr/kernel/libkernel.a(work.c.obj)
                0x0000000000015a2c                k_work_schedule
 .text.k_work_reschedule_for_queue
                0x0000000000015a38       0x5c zephyr/kernel/libkernel.a(work.c.obj)
                0x0000000000015a38                k_work_reschedule_for_queue
 .text.k_work_reschedule
                0x0000000000015a94        0xc zephyr/kernel/libkernel.a(work.c.obj)
                0x0000000000015a94                k_work_reschedule
 .text.z_setup_new_thread
                0x0000000000015aa0       0x7c zephyr/kernel/libkernel.a(thread.c.obj)
                0x0000000000015aa0                z_setup_new_thread
 .text.z_impl_k_thread_create
                0x0000000000015b1c       0x58 zephyr/kernel/libkernel.a(thread.c.obj)
                0x0000000000015b1c                z_impl_k_thread_create
 .text.z_dummy_thread_init
                0x0000000000015b74       0x20 zephyr/kernel/libkernel.a(thread.c.obj)
                0x0000000000015b74                z_dummy_thread_init
 .text.z_swap_irqlock
                0x0000000000015b94       0x30 zephyr/kernel/libkernel.a(sched.c.obj)
 .text.ready_thread
                0x0000000000015bc4       0x84 zephyr/kernel/libkernel.a(sched.c.obj)
 .text.unready_thread
                0x0000000000015c48       0x54 zephyr/kernel/libkernel.a(sched.c.obj)
 .text.add_thread_timeout
                0x0000000000015c9c       0x1c zephyr/kernel/libkernel.a(sched.c.obj)
 .text.move_thread_to_end_of_prio_q
                0x0000000000015cb8       0x90 zephyr/kernel/libkernel.a(sched.c.obj)
                0x0000000000015cb8                move_thread_to_end_of_prio_q
 .text.z_pend_curr
                0x0000000000015d48       0x44 zephyr/kernel/libkernel.a(sched.c.obj)
                0x0000000000015d48                z_pend_curr
 .text.z_thread_prio_set
                0x0000000000015d8c       0xe4 zephyr/kernel/libkernel.a(sched.c.obj)
                0x0000000000015d8c                z_thread_prio_set
 .text.z_reschedule
                0x0000000000015e70       0x24 zephyr/kernel/libkernel.a(sched.c.obj)
                0x0000000000015e70                z_reschedule
 .text.z_reschedule_irqlock
                0x0000000000015e94       0x28 zephyr/kernel/libkernel.a(sched.c.obj)
                0x0000000000015e94                z_reschedule_irqlock
 .text.k_sched_lock
                0x0000000000015ebc       0x28 zephyr/kernel/libkernel.a(sched.c.obj)
                0x0000000000015ebc                k_sched_lock
 .text.k_sched_unlock
                0x0000000000015ee4       0x68 zephyr/kernel/libkernel.a(sched.c.obj)
                0x0000000000015ee4                k_sched_unlock
 .text.z_sched_init
                0x0000000000015f4c       0x10 zephyr/kernel/libkernel.a(sched.c.obj)
                0x0000000000015f4c                z_sched_init
 .text.z_impl_k_yield
                0x0000000000015f5c       0x88 zephyr/kernel/libkernel.a(sched.c.obj)
                0x0000000000015f5c                z_impl_k_yield
 .text.z_tick_sleep
                0x0000000000015fe4       0x78 zephyr/kernel/libkernel.a(sched.c.obj)
 .text.z_impl_k_wakeup
                0x000000000001605c       0x48 zephyr/kernel/libkernel.a(sched.c.obj)
                0x000000000001605c                z_impl_k_wakeup
 .text.z_impl_k_sched_current_thread_query
                0x00000000000160a4        0xc zephyr/kernel/libkernel.a(sched.c.obj)
                0x00000000000160a4                z_impl_k_sched_current_thread_query
 .text.z_thread_abort
                0x00000000000160b0      0x138 zephyr/kernel/libkernel.a(sched.c.obj)
                0x00000000000160b0                z_thread_abort
 .text.z_sched_wait
                0x00000000000161e8       0x24 zephyr/kernel/libkernel.a(sched.c.obj)
                0x00000000000161e8                z_sched_wait
 .text.slice_timeout
                0x000000000001620c       0x20 zephyr/kernel/libkernel.a(timeslicing.c.obj)
 .text.thread_is_sliceable
                0x000000000001622c       0x3c zephyr/kernel/libkernel.a(timeslicing.c.obj)
                0x000000000001622c                thread_is_sliceable
 .text.z_reset_time_slice
                0x0000000000016268       0x50 zephyr/kernel/libkernel.a(timeslicing.c.obj)
                0x0000000000016268                z_reset_time_slice
 .text.z_time_slice
                0x00000000000162b8       0x60 zephyr/kernel/libkernel.a(timeslicing.c.obj)
                0x00000000000162b8                z_time_slice
 .text.z_data_copy
                0x0000000000016318       0x38 zephyr/kernel/libkernel.a(xip.c.obj)
                0x0000000000016318                z_data_copy
 .text.first    0x0000000000016350       0x10 zephyr/kernel/libkernel.a(timeout.c.obj)
 .text.elapsed  0x0000000000016360       0x14 zephyr/kernel/libkernel.a(timeout.c.obj)
 .text.remove_timeout
                0x0000000000016374       0x38 zephyr/kernel/libkernel.a(timeout.c.obj)
 .text.z_add_timeout
                0x00000000000163ac      0x124 zephyr/kernel/libkernel.a(timeout.c.obj)
                0x00000000000163ac                z_add_timeout
 .text.sys_clock_announce
                0x00000000000164d0       0xbc zephyr/kernel/libkernel.a(timeout.c.obj)
                0x00000000000164d0                sys_clock_announce
 .text.sys_clock_tick_get
                0x000000000001658c       0x30 zephyr/kernel/libkernel.a(timeout.c.obj)
                0x000000000001658c                sys_clock_tick_get
 .text.z_timer_expiration_handler